Microchip MPLAB XC8 Compiler V1.21 ()

Linker command line:

--edf=C:\Program Files (x86)\Microchip\xc8\v1.21\dat\en_msgs.txt -cs \
  -h+dist/default/debug\IMU_test.X.debug.sym \
  --cmf=dist/default/debug\IMU_test.X.debug.cmf -z -Q18F46K22 \
  -oC:\Users\Mathew\AppData\Local\Temp\s5k.6 \
  -Mdist/default/debug/IMU_test.X.debug.map -E1 -ver=XC8 -ACODE=00h-0FFFFh \
  -ACONST=00h-0FFFFh -ASMALLCONST=01000h-010FFhx240 \
  -AMEDIUMCONST=01000h-0FFFFh -ACOMRAM=01h-05Fh -AABS1=00h-0F37h \
  -ABIGRAM=01h-0F37h -ARAM=060h-0FFh,0100h-01FFhx14,0F00h-0F37h \
  -ABANK0=060h-0FFh -ABANK1=0100h-01FFh -ABANK2=0200h-02FFh \
  -ABANK3=0300h-03FFh -ABANK4=0400h-04FFh -ABANK5=0500h-05FFh \
  -ABANK6=0600h-06FFh -ABANK7=0700h-07FFh -ABANK8=0800h-08FFh \
  -ABANK9=0900h-09FFh -ABANK10=0A00h-0AFFh -ABANK11=0B00h-0BFFh \
  -ABANK12=0C00h-0CFFh -ABANK13=0D00h-0DFFh -ABANK14=0E00h-0EFFh \
  -ABANK15=0F00h-0F37h -ASFR=0F38h-0F5Fh,0F60h-0FFCh \
  -preset_vec=00h,intcode,intcodelo,powerup,init,end_init -pramtop=01000h \
  -psmallconst=SMALLCONST -pmediumconst=MEDIUMCONST -pconst=CONST \
  -AFARRAM=00h-00h -ACONFIG=0300000h-030000Dh -pconfig=CONFIG \
  -AIDLOC=0200000h-0200007h -pidloc=IDLOC -AEEDATA=0F00000h-0F003FFh \
  -peeprom_data=EEDATA \
  -prdata=COMRAM,nvrram=COMRAM,nvbit=COMRAM,rbss=COMRAM,rbit=COMRAM \
  -pfarbss=FARRAM,fardata=FARRAM,nvFARRAM=FARRAM \
  -pintsave_regs=BIGRAM,bigbss=BIGRAM,bigdata=BIGRAM -pbss=RAM \
  -pidata=CODE,irdata=CODE,ibigdata=CODE,ifardata=CODE \
  C:\Users\Mathew\AppData\Local\Temp\s5k.obj \
  dist/default/debug\IMU_test.X.debug.obj 

Object code version is 3.11

Machine type is 18F46K22

Call graph: (short form)




                Name                               Link     Load   Length Selector   Space Scale
C:\Users\Mathew\AppData\Local\Temp\s5k.obj
                end_init                              2        2        4        0       0
                reset_vec                             0        0        2        0       0
                idloc                            200000   200000        8   200000       0
                config                           300000   300000        E   300000       0
dist/default/debug\IMU_test.X.debug.obj
                smallconst                         1000     1000       38      800       0
                text37                             1FC4     1FC4       90      81C       0
                text36                             24B6     24B6       3A      81C       0
                text35                             259C     259C       26      81C       0
                text34                             1842     1842      11C      81C       0
                text33                             25DE     25DE       18      81C       0
                text32                             2362     2362       4C      81C       0
                text31                             24F0     24F0       38      81C       0
                text30                             20D0     20D0       6C      81C       0
                text29                             25C2     25C2       1C      81C       0
                text28                             2208     2208       5A      81C       0
                text27                             2616     2616       10      81C       0
                text26                             2606     2606       10      81C       0
                text25                             2576     2576       26      81C       0
                text24                             2310     2310       52      81C       0
                text23                             2550     2550       26      81C       0
                text22                             21A2     21A2       66      81C       0
                text21                             213C     213C       66      81C       0
                text20                             2262     2262       58      81C       0
                text19                             1E7C     1E7C       B8      81C       0
                text18                             1DC4     1DC4       B8      81C       0
                text17                             1D0C     1D0C       B8      81C       0
                text16                             1C54     1C54       B8      81C       0
                text15                             195E     195E      10A      81C       0
                text14                             247A     247A       3C      81C       0
                text13                             2438     2438       42      81C       0
                text12                             1500     1500      1CC      81C       0
                text11                             1B6A     1B6A       EA      81C       0
                text10                             132C     132C      1D4      81C       0
                text9                              22BA     22BA       56      81C       0
                text8                              23AE     23AE       46      81C       0
                text7                              16CC     16CC      176      81C       0
                text6                              25F6     25F6       10      81C       0
                text5                              2528     2528       28      81C       0
                text4                              1F34     1F34       90      81C       0
                text3                              2054     2054       7C      81C       0
                text2                              23F4     23F4       44      81C       0
                text1                              1A68     1A68      102      81C       0
                text0                              1038     1038      2F4      81C       0
                cstackCOMRAM                          1        1       59        1       1
                cstackBANK0                          60       60       4C       60       1
                bssCOMRAM                            5A       5A        3        1       1
                cinit                              2626     2626        C      81C       0

TOTAL           Name                               Link     Load   Length     Space
        CLASS   CODE           
                end_init                              2        2        4         0
                reset_vec                             0        0        2         0
                text37                             1FC4     1FC4       90         0
                text36                             24B6     24B6       3A         0
                text35                             259C     259C       26         0
                text34                             1842     1842      11C         0
                text33                             25DE     25DE       18         0
                text32                             2362     2362       4C         0
                text31                             24F0     24F0       38         0
                text30                             20D0     20D0       6C         0
                text29                             25C2     25C2       1C         0
                text28                             2208     2208       5A         0
                text27                             2616     2616       10         0
                text26                             2606     2606       10         0
                text25                             2576     2576       26         0
                text24                             2310     2310       52         0
                text23                             2550     2550       26         0
                text22                             21A2     21A2       66         0
                text21                             213C     213C       66         0
                text20                             2262     2262       58         0
                text19                             1E7C     1E7C       B8         0
                text18                             1DC4     1DC4       B8         0
                text17                             1D0C     1D0C       B8         0
                text16                             1C54     1C54       B8         0
                text15                             195E     195E      10A         0
                text14                             247A     247A       3C         0
                text13                             2438     2438       42         0
                text12                             1500     1500      1CC         0
                text11                             1B6A     1B6A       EA         0
                text10                             132C     132C      1D4         0
                text9                              22BA     22BA       56         0
                text8                              23AE     23AE       46         0
                text7                              16CC     16CC      176         0
                text6                              25F6     25F6       10         0
                text5                              2528     2528       28         0
                text4                              1F34     1F34       90         0
                text3                              2054     2054       7C         0
                text2                              23F4     23F4       44         0
                text1                              1A68     1A68      102         0
                text0                              1038     1038      2F4         0
                cinit                              2626     2626        C         0

        CLASS   CONST          

        CLASS   SMALLCONST     
                smallconst                         1000     1000       38         0

        CLASS   MEDIUMCONST    

        CLASS   COMRAM         
                cstackCOMRAM                          1        1       59         1
                bssCOMRAM                            5A       5A        3         1

        CLASS   ABS1           

        CLASS   BIGRAM         

        CLASS   RAM            

        CLASS   BANK0          
                cstackBANK0                          60       60       4C         1

        CLASS   BANK1          

        CLASS   BANK2          

        CLASS   BANK3          

        CLASS   BANK4          

        CLASS   BANK5          

        CLASS   BANK6          

        CLASS   BANK7          

        CLASS   BANK8          

        CLASS   BANK9          

        CLASS   BANK10         

        CLASS   BANK11         

        CLASS   BANK12         

        CLASS   BANK13         

        CLASS   BANK14         

        CLASS   BANK15         

        CLASS   SFR            

        CLASS   FARRAM         

        CLASS   CONFIG         
                config                           300000   300000        E         0

        CLASS   IDLOC          
                idloc                            200000   200000        8         0

        CLASS   EEDATA         



SEGMENTS        Name                           Load    Length   Top    Selector   Space  Class

                reset_vec                      000000  000006  000006         0       0  CODE    
                cstackCOMRAM                   000001  00005C  00005D         1       1  COMRAM  
                cstackBANK0                    000060  00004C  0000AC        60       1  BANK0   
                smallconst                     001000  000038  001038       800       0  SMALLCON
                text0                          001038  0015FA  002632       81C       0  CODE    
                idloc                          200000  000008  200008    200000       0  IDLOC   
                config                         300000  00000E  30000E    300000       0  CONFIG  


UNUSED ADDRESS RANGES

        Name                Unused          Largest block    Delta
        BANK0            0000AC-0000FF               54
        BANK1            000100-0001FF              100
        BANK10           000A00-000AFF              100
        BANK11           000B00-000BFF              100
        BANK12           000C00-000CFF              100
        BANK13           000D00-000DFF              100
        BANK14           000E00-000EFF              100
        BANK15           000F00-000F37               38
        BANK2            000200-0002FF              100
        BANK3            000300-0003FF              100
        BANK4            000400-0004FF              100
        BANK5            000500-0005FF              100
        BANK6            000600-0006FF              100
        BANK7            000700-0007FF              100
        BANK8            000800-0008FF              100
        BANK9            000900-0009FF              100
        BIGRAM           00005D-00005F                3
                         0000AC-000F37              E8C
        CODE             000006-000FFF              FFA
                         002632-00FFFF             D9CE
        COMRAM           00005D-00005F                3
        CONST            000006-000FFF              FFA
                         002632-00FFFF             D9CE
        EEDATA           F00000-F003FF              400
        MEDIUMCONST      002632-00FFFF             D9CE
        RAM              0000AC-000F37              100
        SFR              000F38-000FFC               28
        SMALLCONST       002632-00FFFF              100

                                  Symbol Table

?_I2CReadByte            cstackCOMRAM 000003
?_Open1USART             cstackCOMRAM 000001
?_OpenI2C1               cstackCOMRAM 000001
?_Write1USART            cstackCOMRAM 000001
?_WriteI2C1              cstackCOMRAM 000001
?___asftmul              cstackCOMRAM 000038
?___awdiv                cstackCOMRAM 000001
?___awmod                cstackCOMRAM 000001
?___awtoft               cstackCOMRAM 000022
?___ftadd                cstackCOMRAM 000038
?___ftdiv                cstackCOMRAM 000027
?___ftge                 cstackCOMRAM 000001
?___ftmul                cstackCOMRAM 000022
?___ftneg                cstackCOMRAM 000010
?___ftpack               cstackCOMRAM 000001
?___fttol                cstackCOMRAM 000013
?___lwdiv                cstackCOMRAM 000001
?___lwmod                cstackCOMRAM 000009
?___wmul                 cstackCOMRAM 00000A
?_atan                   cstackCOMRAM 000055
?_eval_poly              cstackCOMRAM 000046
?_fabs                   cstackCOMRAM 000022
?_gReadByte              cstackCOMRAM 000007
?_gWriteByte             cstackCOMRAM 000003
?_openLSM9               cstackCOMRAM 000008
?_putrs1USART            cstackCOMRAM 000002
?_readLSM9_accel         cstackCOMRAM 000008
?_readLSM9_gyro          cstackCOMRAM 000008
?_readLSM9_mag           cstackCOMRAM 000008
?_sprintf                cstackCOMRAM 00000F
?_xmReadByte             cstackCOMRAM 000007
?_xmWriteByte            cstackCOMRAM 000003
I2CReadByte@_temp        cstackCOMRAM 000006
I2CReadByte@add          cstackCOMRAM 000003
I2CReadByte@subadd       cstackCOMRAM 000004
Open1USART@config        cstackCOMRAM 000001
Open1USART@spbrg         cstackCOMRAM 000002
OpenI2C1@slew            cstackCOMRAM 000002
OpenI2C1@sync_mode       cstackCOMRAM 000001
Write1USART@data         cstackCOMRAM 000001
WriteI2C1@data_out       cstackCOMRAM 000001
_ANSELC                  (abs)        000F3A
_CCP1CON                 (abs)        000FBD
_CCP2CON                 (abs)        000F66
_CCP3CON                 (abs)        000F5D
_CCP4CON                 (abs)        000F57
_CCPR1L                  (abs)        000FBE
_CCPR2L                  (abs)        000F67
_CCPR3L                  (abs)        000F5E
_CCPR4L                  (abs)        000F58
_I2CReadByte             text28       002208
_LATCbits                (abs)        000F8B
_Open1USART              text32       002362
_OpenI2C1                text33       0025DE
_PIE1bits                (abs)        000F9D
_PIR1bits                (abs)        000F9E
_PIR2bits                (abs)        000FA1
_RCSTA1                  (abs)        000FAB
_RCSTA1bits              (abs)        000FAB
_ReadI2C1                text29       0025C2
_SPBRG1                  (abs)        000FAF
_SPBRGH1                 (abs)        000FB0
_SSP1ADD                 (abs)        000FC8
_SSP1BUF                 (abs)        000FC9
_SSP1CON1                (abs)        000FC6
_SSP1CON1bits            (abs)        000FC6
_SSP1CON2                (abs)        000FC5
_SSP1CON2bits            (abs)        000FC5
_SSP1STAT                (abs)        000FC7
_SSP1STATbits            (abs)        000FC7
_TXREG1                  (abs)        000FAD
_TXSTA1                  (abs)        000FAC
_TXSTA1bits              (abs)        000FAC
_Tomcat_Setup            text31       0024F0
_USART1_Status           bssCOMRAM    00005A
_Write1USART             text6        0025F6
_WriteI2C1               text30       0020D0
__CFG_BOREN$OFF          (abs)        000000
__CFG_BORV$190           (abs)        000000
__CFG_CCP2MX$PORTC1      (abs)        000000
__CFG_CCP3MX$PORTB5      (abs)        000000
__CFG_CP0$OFF            (abs)        000000
__CFG_CP1$OFF            (abs)        000000
__CFG_CP2$OFF            (abs)        000000
__CFG_CP3$OFF            (abs)        000000
__CFG_CPB$OFF            (abs)        000000
__CFG_CPD$OFF            (abs)        000000
__CFG_EBTR0$OFF          (abs)        000000
__CFG_EBTR1$OFF          (abs)        000000
__CFG_EBTR2$OFF          (abs)        000000
__CFG_EBTR3$OFF          (abs)        000000
__CFG_EBTRB$OFF          (abs)        000000
__CFG_FCMEN$OFF          (abs)        000000
__CFG_FOSC$HSHP          (abs)        000000
__CFG_HFOFST$ON          (abs)        000000
__CFG_IESO$OFF           (abs)        000000
__CFG_LVP$OFF            (abs)        000000
__CFG_MCLRE$EXTMCLR      (abs)        000000
__CFG_P2BMX$PORTD2       (abs)        000000
__CFG_PBADEN$ON          (abs)        000000
__CFG_PLLCFG$OFF         (abs)        000000
__CFG_PRICLKEN$ON        (abs)        000000
__CFG_PWRTEN$OFF         (abs)        000000
__CFG_STVREN$OFF         (abs)        000000
__CFG_T3CMX$PORTC0       (abs)        000000
__CFG_WDTEN$OFF          (abs)        000000
__CFG_WDTPS$32768        (abs)        000000
__CFG_WRT0$OFF           (abs)        000000
__CFG_WRT1$OFF           (abs)        000000
__CFG_WRT2$OFF           (abs)        000000
__CFG_WRT3$OFF           (abs)        000000
__CFG_WRTB$OFF           (abs)        000000
__CFG_WRTC$OFF           (abs)        000000
__CFG_WRTD$OFF           (abs)        000000
__CFG_XINST$OFF          (abs)        000000
__HRAM                   (abs)        000000
__Habs1                  abs1         000000
__Hbank0                 bank0        000000
__Hbank1                 bank1        000000
__Hbank10                bank10       000000
__Hbank11                bank11       000000
__Hbank12                bank12       000000
__Hbank13                bank13       000000
__Hbank14                bank14       000000
__Hbank15                bank15       000000
__Hbank2                 bank2        000000
__Hbank3                 bank3        000000
__Hbank4                 bank4        000000
__Hbank5                 bank5        000000
__Hbank6                 bank6        000000
__Hbank7                 bank7        000000
__Hbank8                 bank8        000000
__Hbank9                 bank9        000000
__Hbigbss                bigbss       000000
__Hbigdata               bigdata      000000
__Hbigram                bigram       000000
__Hbss                   bss          000000
__HbssCOMRAM             bssCOMRAM    000000
__Hcinit                 cinit        000000
__Hclrtext               clrtext      000000
__Hcomram                comram       000000
__Hconfig                config       30000E
__Hconst                 const        000000
__HcstackBANK0           cstackBANK0  000000
__HcstackCOMRAM          cstackCOMRAM 000000
__Hdata                  data         000000
__Heeprom_data           eeprom_data  000000
__Hend_init              end_init     000006
__Hfarbss                farbss       000000
__Hfardata               fardata      000000
__Hibigdata              ibigdata     000000
__Hidata                 idata        000000
__Hidloc                 idloc        200008
__Hifardata              ifardata     000000
__Hinit                  init         000002
__Hintcode               intcode      000002
__Hintcode_body          intcode_body 000000
__Hintcodelo             intcodelo    000002
__Hintentry              intentry     000000
__Hintret                intret       000000
__Hintsave_regs          intsave_regs 000000
__Hirdata                irdata       000000
__Hmediumconst           mediumconst  000000
__HnvFARRAM              nvFARRAM     000000
__Hnvbit                 nvbit        000000
__Hnvrram                nvrram       000000
__Hparam                 rparam       000000
__Hpowerup               powerup      000002
__Hram                   ram          000000
__Hramtop                ramtop       001000
__Hrbit                  rbit         000000
__Hrbss                  rbss         000000
__Hrdata                 rdata        000000
__Hreset_vec             reset_vec    000002
__Hrparam                rparam       000000
__Hsfr                   sfr          000000
__Hsmallconst            smallconst   001038
__Hstruct                struct       000000
__Htemp                  temp         000000
__Htext                  text         000000
__Htext0                 text0        000000
__Htext1                 text1        000000
__Htext10                text10       000000
__Htext11                text11       000000
__Htext12                text12       000000
__Htext13                text13       000000
__Htext14                text14       000000
__Htext15                text15       000000
__Htext16                text16       000000
__Htext17                text17       000000
__Htext18                text18       000000
__Htext19                text19       000000
__Htext2                 text2        000000
__Htext20                text20       000000
__Htext21                text21       000000
__Htext22                text22       000000
__Htext23                text23       000000
__Htext24                text24       000000
__Htext25                text25       000000
__Htext26                text26       000000
__Htext27                text27       000000
__Htext28                text28       000000
__Htext29                text29       000000
__Htext3                 text3        000000
__Htext30                text30       000000
__Htext31                text31       000000
__Htext32                text32       000000
__Htext33                text33       000000
__Htext34                text34       000000
__Htext35                text35       000000
__Htext36                text36       000000
__Htext37                text37       000000
__Htext4                 text4        000000
__Htext5                 text5        000000
__Htext6                 text6        000000
__Htext7                 text7        000000
__Htext8                 text8        000000
__Htext9                 text9        000000
__LRAM                   (abs)        000001
__Labs1                  abs1         000000
__Lbank0                 bank0        000000
__Lbank1                 bank1        000000
__Lbank10                bank10       000000
__Lbank11                bank11       000000
__Lbank12                bank12       000000
__Lbank13                bank13       000000
__Lbank14                bank14       000000
__Lbank15                bank15       000000
__Lbank2                 bank2        000000
__Lbank3                 bank3        000000
__Lbank4                 bank4        000000
__Lbank5                 bank5        000000
__Lbank6                 bank6        000000
__Lbank7                 bank7        000000
__Lbank8                 bank8        000000
__Lbank9                 bank9        000000
__Lbigbss                bigbss       000000
__Lbigdata               bigdata      000000
__Lbigram                bigram       000000
__Lbss                   bss          000000
__LbssCOMRAM             bssCOMRAM    000000
__Lcinit                 cinit        000000
__Lclrtext               clrtext      000000
__Lcomram                comram       000000
__Lconfig                config       300000
__Lconst                 const        000000
__LcstackBANK0           cstackBANK0  000000
__LcstackCOMRAM          cstackCOMRAM 000000
__Ldata                  data         000000
__Leeprom_data           eeprom_data  000000
__Lend_init              end_init     000002
__Lfarbss                farbss       000000
__Lfardata               fardata      000000
__Libigdata              ibigdata     000000
__Lidata                 idata        000000
__Lidloc                 idloc        200000
__Lifardata              ifardata     000000
__Linit                  init         000002
__Lintcode               intcode      000002
__Lintcode_body          intcode_body 000000
__Lintcodelo             intcodelo    000002
__Lintentry              intentry     000000
__Lintret                intret       000000
__Lintsave_regs          intsave_regs 000000
__Lirdata                irdata       000000
__Lmediumconst           mediumconst  000000
__LnvFARRAM              nvFARRAM     000000
__Lnvbit                 nvbit        000000
__Lnvrram                nvrram       000000
__Lparam                 rparam       000000
__Lpowerup               powerup      000002
__Lram                   ram          000000
__Lramtop                ramtop       001000
__Lrbit                  rbit         000000
__Lrbss                  rbss         000000
__Lrdata                 rdata        000000
__Lreset_vec             reset_vec    000000
__Lrparam                rparam       000000
__Lsfr                   sfr          000000
__Lsmallconst            smallconst   001000
__Lstruct                struct       000000
__Ltemp                  temp         000000
__Ltext                  text         000000
__Ltext0                 text0        000000
__Ltext1                 text1        000000
__Ltext10                text10       000000
__Ltext11                text11       000000
__Ltext12                text12       000000
__Ltext13                text13       000000
__Ltext14                text14       000000
__Ltext15                text15       000000
__Ltext16                text16       000000
__Ltext17                text17       000000
__Ltext18                text18       000000
__Ltext19                text19       000000
__Ltext2                 text2        000000
__Ltext20                text20       000000
__Ltext21                text21       000000
__Ltext22                text22       000000
__Ltext23                text23       000000
__Ltext24                text24       000000
__Ltext25                text25       000000
__Ltext26                text26       000000
__Ltext27                text27       000000
__Ltext28                text28       000000
__Ltext29                text29       000000
__Ltext3                 text3        000000
__Ltext30                text30       000000
__Ltext31                text31       000000
__Ltext32                text32       000000
__Ltext33                text33       000000
__Ltext34                text34       000000
__Ltext35                text35       000000
__Ltext36                text36       000000
__Ltext37                text37       000000
__Ltext4                 text4        000000
__Ltext5                 text5        000000
__Ltext6                 text6        000000
__Ltext7                 text7        000000
__Ltext8                 text8        000000
__Ltext9                 text9        000000
__S0                     (abs)        30000E
__S1                     (abs)        0000AC
___asftmul               text14       00247A
___asftmul@f1p           cstackCOMRAM 000038
___asftmul@f2            cstackCOMRAM 00003A
___awdiv                 text4        001F34
___awdiv@counter         cstackCOMRAM 000006
___awdiv@dividend        cstackCOMRAM 000001
___awdiv@divisor         cstackCOMRAM 000003
___awdiv@quotient        cstackCOMRAM 000008
___awdiv@sign            cstackCOMRAM 000007
___awmod                 text3        002054
___awmod@counter         cstackCOMRAM 000006
___awmod@dividend        cstackCOMRAM 000001
___awmod@divisor         cstackCOMRAM 000003
___awmod@sign            cstackCOMRAM 000007
___awtoft                text2        0023F4
___awtoft@c              cstackCOMRAM 000022
___awtoft@sign           cstackCOMRAM 000026
___ftadd                 text12       001500
___ftadd@exp1            cstackCOMRAM 000045
___ftadd@exp2            cstackCOMRAM 000044
___ftadd@f1              cstackCOMRAM 000038
___ftadd@f2              cstackCOMRAM 00003B
___ftadd@sign            cstackCOMRAM 000043
___ftdiv                 text15       00195E
___ftdiv@cntr            cstackCOMRAM 000032
___ftdiv@exp             cstackCOMRAM 000036
___ftdiv@f1              cstackCOMRAM 000027
___ftdiv@f2              cstackCOMRAM 00002A
___ftdiv@f3              cstackCOMRAM 000033
___ftdiv@sign            cstackCOMRAM 000037
___ftge                  text37       001FC4
___ftge@ff1              cstackCOMRAM 000001
___ftge@ff2              cstackCOMRAM 000004
___ftmul                 text34       001842
___ftmul@cntr            cstackCOMRAM 000031
___ftmul@exp             cstackCOMRAM 00002D
___ftmul@f1              cstackCOMRAM 000022
___ftmul@f2              cstackCOMRAM 000025
___ftmul@f3_as_product   cstackCOMRAM 00002E
___ftmul@sign            cstackCOMRAM 000032
___ftneg                 text35       00259C
___ftneg@f1              cstackCOMRAM 000010
___ftpack                text16       001C54
___ftpack@arg            cstackCOMRAM 000001
___ftpack@exp            cstackCOMRAM 000004
___ftpack@sign           cstackCOMRAM 000005
___fttol                 text1        001A68
___fttol@exp1            cstackCOMRAM 000021
___fttol@f1              cstackCOMRAM 000013
___fttol@lval            cstackCOMRAM 00001D
___fttol@sign1           cstackCOMRAM 00001C
___lwdiv                 text9        0022BA
___lwdiv@counter         cstackCOMRAM 000008
___lwdiv@dividend        cstackCOMRAM 000001
___lwdiv@divisor         cstackCOMRAM 000003
___lwdiv@quotient        cstackCOMRAM 000006
___lwmod                 text8        0023AE
___lwmod@counter         cstackCOMRAM 00000E
___lwmod@dividend        cstackCOMRAM 000009
___lwmod@divisor         cstackCOMRAM 00000B
___wmul                  text36       0024B6
___wmul@multiplicand     cstackCOMRAM 00000C
___wmul@multiplier       cstackCOMRAM 00000A
___wmul@product          cstackCOMRAM 00000E
__accesstop              (abs)        000060
__activetblptr           (abs)        000003
__end_of_I2CReadByte     text28       002262
__end_of_Open1USART      text32       0023AE
__end_of_OpenI2C1        text33       0025F6
__end_of_ReadI2C1        text29       0025DE
__end_of_Tomcat_Setup    text31       002528
__end_of_Write1USART     text6        002606
__end_of_WriteI2C1       text30       00213C
__end_of___asftmul       text14       0024B6
__end_of___awdiv         text4        001FC4
__end_of___awmod         text3        0020D0
__end_of___awtoft        text2        002438
__end_of___ftadd         text12       0016CC
__end_of___ftdiv         text15       001A68
__end_of___ftge          text37       002054
__end_of___ftmul         text34       00195E
__end_of___ftneg         text35       0025C2
__end_of___ftpack        text16       001D0C
__end_of___fttol         text1        001B6A
__end_of___lwdiv         text9        002310
__end_of___lwmod         text8        0023F4
__end_of___wmul          text36       0024F0
__end_of__initialization cinit        00262C
__end_of__stringdata     smallconst   001037
__end_of_atan            text10       001500
__end_of_dpowers         smallconst   00100A
__end_of_eval_poly       text11       001C54
__end_of_fabs            text13       00247A
__end_of_gReadByte       text26       002616
__end_of_gWriteByte      text23       002576
__end_of_main            text0        00132C
__end_of_openLSM9        text20       0022BA
__end_of_openLSM9_accel  text24       002362
__end_of_openLSM9_gyro   text22       002208
__end_of_openLSM9_mag    text21       0021A2
__end_of_putrs1USART     text5        002550
__end_of_readLSM9_accel  text19       001F34
__end_of_readLSM9_gyro   text18       001E7C
__end_of_readLSM9_mag    text17       001DC4
__end_of_sprintf         text7        001842
__end_of_xmReadByte      text27       002626
__end_of_xmWriteByte     text25       00259C
__end_ofatan@coeff_a     smallconst   00101C
__end_ofatan@coeff_b     smallconst   00102B
__gaddress               bssCOMRAM    00005B
__initialization         cinit        002626
__mediumconst            mediumconst  000000
__pbssCOMRAM             bssCOMRAM    00005A
__pcinit                 cinit        002626
__pcstackBANK0           cstackBANK0  000060
__pcstackCOMRAM          cstackCOMRAM 000001
__psmallconst            smallconst   001000
__ptext0                 text0        001038
__ptext1                 text1        001A68
__ptext10                text10       00132C
__ptext11                text11       001B6A
__ptext12                text12       001500
__ptext13                text13       002438
__ptext14                text14       00247A
__ptext15                text15       00195E
__ptext16                text16       001C54
__ptext17                text17       001D0C
__ptext18                text18       001DC4
__ptext19                text19       001E7C
__ptext2                 text2        0023F4
__ptext20                text20       002262
__ptext21                text21       00213C
__ptext22                text22       0021A2
__ptext23                text23       002550
__ptext24                text24       002310
__ptext25                text25       002576
__ptext26                text26       002606
__ptext27                text27       002616
__ptext28                text28       002208
__ptext29                text29       0025C2
__ptext3                 text3        002054
__ptext30                text30       0020D0
__ptext31                text31       0024F0
__ptext32                text32       002362
__ptext33                text33       0025DE
__ptext34                text34       001842
__ptext35                text35       00259C
__ptext36                text36       0024B6
__ptext37                text37       001FC4
__ptext4                 text4        001F34
__ptext5                 text5        002528
__ptext6                 text6        0025F6
__ptext7                 text7        0016CC
__ptext8                 text8        0023AE
__ptext9                 text9        0022BA
__ramtop                 ramtop       001000
__size_of_I2CReadByte    (abs)        000000
__size_of_Open1USART     (abs)        000000
__size_of_OpenI2C1       (abs)        000000
__size_of_ReadI2C1       (abs)        000000
__size_of_Tomcat_Setup   (abs)        000000
__size_of_Write1USART    (abs)        000000
__size_of_WriteI2C1      (abs)        000000
__size_of___asftmul      (abs)        000000
__size_of___awdiv        (abs)        000000
__size_of___awmod        (abs)        000000
__size_of___awtoft       (abs)        000000
__size_of___ftadd        (abs)        000000
__size_of___ftdiv        (abs)        000000
__size_of___ftge         (abs)        000000
__size_of___ftmul        (abs)        000000
__size_of___ftneg        (abs)        000000
__size_of___ftpack       (abs)        000000
__size_of___fttol        (abs)        000000
__size_of___lwdiv        (abs)        000000
__size_of___lwmod        (abs)        000000
__size_of___wmul         (abs)        000000
__size_of_atan           (abs)        000000
__size_of_eval_poly      (abs)        000000
__size_of_fabs           (abs)        000000
__size_of_gReadByte      (abs)        000000
__size_of_gWriteByte     (abs)        000000
__size_of_main           (abs)        000000
__size_of_openLSM9       (abs)        000000
__size_of_openLSM9_accel (abs)        000000
__size_of_openLSM9_gyro  (abs)        000000
__size_of_openLSM9_mag   (abs)        000000
__size_of_putrs1USART    (abs)        000000
__size_of_readLSM9_accel (abs)        000000
__size_of_readLSM9_gyro  (abs)        000000
__size_of_readLSM9_mag   (abs)        000000
__size_of_sprintf        (abs)        000000
__size_of_xmReadByte     (abs)        000000
__size_of_xmWriteByte    (abs)        000000
__smallconst             smallconst   001000
__stringdata             smallconst   00102B
__xmaddress              bssCOMRAM    00005C
_atan                    text10       00132C
_dpowers                 smallconst   001000
_eval_poly               text11       001B6A
_fabs                    text13       002438
_gReadByte               text26       002606
_gWriteByte              text23       002550
_main                    text0        001038
_main$2275               cstackBANK0  00009E
_main$2276               cstackBANK0  0000A1
_openLSM9                text20       002262
_openLSM9_accel          text24       002310
_openLSM9_gyro           text22       0021A2
_openLSM9_mag            text21       00213C
_putrs1USART             text5        002528
_readLSM9_accel          text19       001E7C
_readLSM9_gyro           text18       001DC4
_readLSM9_mag            text17       001D0C
_sprintf                 text7        0016CC
_xmReadByte              text27       002616
_xmWriteByte             text25       002576
atan@coeff_a             smallconst   00100A
atan@coeff_b             smallconst   00101C
atan@f                   cstackCOMRAM 000055
atan@recip               cstackBANK0  000066
atan@val                 cstackBANK0  00006A
atan@val_squared         cstackBANK0  000067
atan@x                   cstackBANK0  000063
atan@y                   cstackBANK0  000060
end_of_initialization    cinit        00262C
eval_poly@d              cstackCOMRAM 000049
eval_poly@n              cstackCOMRAM 00004B
eval_poly@res            cstackCOMRAM 000052
eval_poly@x              cstackCOMRAM 000046
fabs@d                   cstackCOMRAM 000022
gReadByte@subadd         cstackCOMRAM 000007
gWriteByte@data          cstackCOMRAM 000004
gWriteByte@subadd        cstackCOMRAM 000003
intlevel0                text         000000
intlevel1                text         000000
intlevel2                text         000000
intlevel3                text         000000
main@HDG                 cstackBANK0  00008B
main@a                   cstackBANK0  00008E
main@accel               cstackBANK0  000096
main@buff                cstackBANK0  00006D
main@gyro                cstackBANK0  000090
main@hdg                 cstackBANK0  0000AA
main@ii                  cstackBANK0  00009C
main@mag                 cstackBANK0  0000A4
openLSM9@_gadd           cstackCOMRAM 000009
openLSM9@_xmadd          cstackCOMRAM 000008
openLSM9@gtest           cstackCOMRAM 00000C
openLSM9@xmtest          cstackCOMRAM 00000D
putrs1USART@data         cstackCOMRAM 000002
readLSM9_accel@dest      cstackCOMRAM 000008
readLSM9_gyro@dest       cstackCOMRAM 000008
readLSM9_mag@dest        cstackCOMRAM 000008
sprintf@_val             cstackCOMRAM 00001B
sprintf@ap               cstackCOMRAM 000017
sprintf@c                cstackCOMRAM 000020
sprintf@f                cstackCOMRAM 000011
sprintf@flag             cstackCOMRAM 000019
sprintf@prec             cstackCOMRAM 00001A
sprintf@sp               cstackCOMRAM 00000F
start                    init         000002
start_initialization     cinit        002626
xmReadByte@subadd        cstackCOMRAM 000007
xmWriteByte@data         cstackCOMRAM 000004
xmWriteByte@subadd       cstackCOMRAM 000003


FUNCTION INFORMATION:

 *************** function _main *****************
 Defined at:
		line 10 in file "IMU_Main.c"
 Parameters:    Size  Location     Type
		None
 Auto vars:     Size  Location     Type
  ii              2   60[BANK0 ] unsigned int 
  buff           30   13[BANK0 ] unsigned char [30]
  mag             6   68[BANK0 ] int [3]
  accel           6   54[BANK0 ] int [3]
  gyro            6   48[BANK0 ] int [3]
  HDG             3   43[BANK0 ] unsigned char [3]
  hdg             2   74[BANK0 ] int 
  a               2   46[BANK0 ] int 
 Return value:  Size  Location     Type
		None               void
 Registers used:
		wreg, fsr2l, fsr2h, status,2, status,0, tblptrl, tblptrh, tblptru, prodl, prodh, cstack
 Tracked objects:
		On entry : 
		On exit  : 
		Unchanged: 
 Data sizes:     COMRAM   BANK0   BANK1   BANK2   BANK3   BANK4   BANK5   BANK6   BANK7   BANK8   BANK9  BANK10  BANK11  BANK12  BANK13  BANK14  BANK15
      Params:         0       0       0       0       0       0       0       0       0       0       0       0       0       0       0       0       0
      Locals:         0      63       0       0       0       0       0       0       0       0       0       0       0       0       0       0       0
      Temps:          2       0       0       0       0       0       0       0       0       0       0       0       0       0       0       0       0
      Totals:         2      63       0       0       0       0       0       0       0       0       0       0       0       0       0       0       0
Total ram usage:       65 bytes
 Hardware stack levels required when called:    4
 This function calls:
		_Tomcat_Setup
		_openLSM9
		_readLSM9_accel
		_readLSM9_gyro
		_readLSM9_mag
		_atan
		_sprintf
		_putrs1USART
		_Write1USART
		___ftadd
		___ftdiv
		___awdiv
		___awmod
		___awtoft
		___ftneg
		___fttol
		___wmul
 This function is called by:
		Startup code after reset
 This function uses a non-reentrant model


 *************** function ___fttol *****************
 Defined at:
		line 45 in file "C:\Program Files (x86)\Microchip\xc8\v1.21\sources\common\fttol.c"
 Parameters:    Size  Location     Type
  f1              3   18[COMRAM] float 
 Auto vars:     Size  Location     Type
  lval            4   28[COMRAM] unsigned long 
  exp1            1   32[COMRAM] unsigned char 
  sign1           1   27[COMRAM] unsigned char 
 Return value:  Size  Location     Type
                  4   18[COMRAM] long 
 Registers used:
		wreg, status,2, status,0
 Tracked objects:
		On entry : 
		On exit  : 
		Unchanged: 
 Data sizes:     COMRAM   BANK0   BANK1   BANK2   BANK3   BANK4   BANK5   BANK6   BANK7   BANK8   BANK9  BANK10  BANK11  BANK12  BANK13  BANK14  BANK15
      Params:         4       0       0       0       0       0       0       0       0       0       0       0       0       0       0       0       0
      Locals:         6       0       0       0       0       0       0       0       0       0       0       0       0       0       0       0       0
      Temps:          5       0       0       0       0       0       0       0       0       0       0       0       0       0       0       0       0
      Totals:        15       0       0       0       0       0       0       0       0       0       0       0       0       0       0       0       0
Total ram usage:       15 bytes
 Hardware stack levels used:    1
 This function calls:
		Nothing
 This function is called by:
		_main
 This function uses a non-reentrant model


 *************** function ___awtoft *****************
 Defined at:
		line 33 in file "C:\Program Files (x86)\Microchip\xc8\v1.21\sources\common\awtoft.c"
 Parameters:    Size  Location     Type
  c               2   33[COMRAM] int 
 Auto vars:     Size  Location     Type
  sign            1   37[COMRAM] unsigned char 
 Return value:  Size  Location     Type
                  3   33[COMRAM] float 
 Registers used:
		wreg, status,2, status,0, cstack
 Tracked objects:
		On entry : 
		On exit  : 
		Unchanged: 
 Data sizes:     COMRAM   BANK0   BANK1   BANK2   BANK3   BANK4   BANK5   BANK6   BANK7   BANK8   BANK9  BANK10  BANK11  BANK12  BANK13  BANK14  BANK15
      Params:         3       0       0       0       0       0       0       0       0       0       0       0       0       0       0       0       0
      Locals:         1       0       0       0       0       0       0       0       0       0       0       0       0       0       0       0       0
      Temps:          1       0       0       0       0       0       0       0       0       0       0       0       0       0       0       0       0
      Totals:         5       0       0       0       0       0       0       0       0       0       0       0       0       0       0       0       0
Total ram usage:        5 bytes
 Hardware stack levels used:    1
 Hardware stack levels required when called:    1
 This function calls:
		___ftpack
 This function is called by:
		_main
 This function uses a non-reentrant model


 *************** function ___awmod *****************
 Defined at:
		line 10 in file "C:\Program Files (x86)\Microchip\xc8\v1.21\sources\common\awmod.c"
 Parameters:    Size  Location     Type
  dividend        2    0[COMRAM] int 
  divisor         2    2[COMRAM] int 
 Auto vars:     Size  Location     Type
  sign            1    6[COMRAM] unsigned char 
  counter         1    5[COMRAM] unsigned char 
 Return value:  Size  Location     Type
                  2    0[COMRAM] int 
 Registers used:
		wreg, status,2, status,0
 Tracked objects:
		On entry : 
		On exit  : 
		Unchanged: 
 Data sizes:     COMRAM   BANK0   BANK1   BANK2   BANK3   BANK4   BANK5   BANK6   BANK7   BANK8   BANK9  BANK10  BANK11  BANK12  BANK13  BANK14  BANK15
      Params:         4       0       0       0       0       0       0       0       0       0       0       0       0       0       0       0       0
      Locals:         2       0       0       0       0       0       0       0       0       0       0       0       0       0       0       0       0
      Temps:          1       0       0       0       0       0       0       0       0       0       0       0       0       0       0       0       0
      Totals:         7       0       0       0       0       0       0       0       0       0       0       0       0       0       0       0       0
Total ram usage:        7 bytes
 Hardware stack levels used:    1
 This function calls:
		Nothing
 This function is called by:
		_main
 This function uses a non-reentrant model


 *************** function ___awdiv *****************
 Defined at:
		line 10 in file "C:\Program Files (x86)\Microchip\xc8\v1.21\sources\common\awdiv.c"
 Parameters:    Size  Location     Type
  dividend        2    0[COMRAM] int 
  divisor         2    2[COMRAM] int 
 Auto vars:     Size  Location     Type
  quotient        2    7[COMRAM] int 
  sign            1    6[COMRAM] unsigned char 
  counter         1    5[COMRAM] unsigned char 
 Return value:  Size  Location     Type
                  2    0[COMRAM] int 
 Registers used:
		wreg, status,2, status,0
 Tracked objects:
		On entry : 
		On exit  : 
		Unchanged: 
 Data sizes:     COMRAM   BANK0   BANK1   BANK2   BANK3   BANK4   BANK5   BANK6   BANK7   BANK8   BANK9  BANK10  BANK11  BANK12  BANK13  BANK14  BANK15
      Params:         4       0       0       0       0       0       0       0       0       0       0       0       0       0       0       0       0
      Locals:         4       0       0       0       0       0       0       0       0       0       0       0       0       0       0       0       0
      Temps:          1       0       0       0       0       0       0       0       0       0       0       0       0       0       0       0       0
      Totals:         9       0       0       0       0       0       0       0       0       0       0       0       0       0       0       0       0
Total ram usage:        9 bytes
 Hardware stack levels used:    1
 This function calls:
		Nothing
 This function is called by:
		_main
		_Thruster_Driver
 This function uses a non-reentrant model


 *************** function _putrs1USART *****************
 Defined at:
		line 16 in file "C:\Program Files (x86)\Microchip\xc8\v1.21\sources\pic18\plib\USART\u1putrs.c"
 Parameters:    Size  Location     Type
  data            2    1[COMRAM] PTR const unsigned char 
		 -> main@buff(30), 
 Auto vars:     Size  Location     Type
		None
 Return value:  Size  Location     Type
		None               void
 Registers used:
		wreg, fsr2l, fsr2h, status,2, status,0, cstack
 Tracked objects:
		On entry : 
		On exit  : 
		Unchanged: 
 Data sizes:     COMRAM   BANK0   BANK1   BANK2   BANK3   BANK4   BANK5   BANK6   BANK7   BANK8   BANK9  BANK10  BANK11  BANK12  BANK13  BANK14  BANK15
      Params:         2       0       0       0       0       0       0       0       0       0       0       0       0       0       0       0       0
      Locals:         0       0       0       0       0       0       0       0       0       0       0       0       0       0       0       0       0
      Temps:          0       0       0       0       0       0       0       0       0       0       0       0       0       0       0       0       0
      Totals:         2       0       0       0       0       0       0       0       0       0       0       0       0       0       0       0       0
Total ram usage:        2 bytes
 Hardware stack levels used:    1
 Hardware stack levels required when called:    1
 This function calls:
		_Write1USART
 This function is called by:
		_main
 This function uses a non-reentrant model


 *************** function _Write1USART *****************
 Defined at:
		line 15 in file "C:\Program Files (x86)\Microchip\xc8\v1.21\sources\pic18\plib\USART\u1write.c"
 Parameters:    Size  Location     Type
  data            1    0[COMRAM] unsigned char 
 Auto vars:     Size  Location     Type
		None
 Return value:  Size  Location     Type
		None               void
 Registers used:
		None
 Tracked objects:
		On entry : 
		On exit  : 
		Unchanged: 
 Data sizes:     COMRAM   BANK0   BANK1   BANK2   BANK3   BANK4   BANK5   BANK6   BANK7   BANK8   BANK9  BANK10  BANK11  BANK12  BANK13  BANK14  BANK15
      Params:         1       0       0       0       0       0       0       0       0       0       0       0       0       0       0       0       0
      Locals:         0       0       0       0       0       0       0       0       0       0       0       0       0       0       0       0       0
      Temps:          0       0       0       0       0       0       0       0       0       0       0       0       0       0       0       0       0
      Totals:         1       0       0       0       0       0       0       0       0       0       0       0       0       0       0       0       0
Total ram usage:        1 bytes
 Hardware stack levels used:    1
 This function calls:
		Nothing
 This function is called by:
		_main
		_putrs1USART
 This function uses a non-reentrant model


 *************** function _sprintf *****************
 Defined at:
		line 493 in file "C:\Program Files (x86)\Microchip\xc8\v1.21\sources\common\doprnt.c"
 Parameters:    Size  Location     Type
  sp              2   14[COMRAM] PTR unsigned char 
		 -> main@buff(30), 
  f               2   16[COMRAM] PTR const unsigned char 
		 -> STR_2(2), STR_1(12), 
 Auto vars:     Size  Location     Type
  _val            5   26[COMRAM] struct .
  ap              2   22[COMRAM] PTR void [1]
		 -> ?_sprintf(2), 
  c               1   31[COMRAM] char 
  prec            1   25[COMRAM] char 
  flag            1   24[COMRAM] unsigned char 
 Return value:  Size  Location     Type
                  2   14[COMRAM] int 
 Registers used:
		wreg, fsr2l, fsr2h, status,2, status,0, tblptrl, tblptrh, tblptru, prodl, prodh, cstack
 Tracked objects:
		On entry : 
		On exit  : 
		Unchanged: 
 Data sizes:     COMRAM   BANK0   BANK1   BANK2   BANK3   BANK4   BANK5   BANK6   BANK7   BANK8   BANK9  BANK10  BANK11  BANK12  BANK13  BANK14  BANK15
      Params:         6       0       0       0       0       0       0       0       0       0       0       0       0       0       0       0       0
      Locals:        10       0       0       0       0       0       0       0       0       0       0       0       0       0       0       0       0
      Temps:          2       0       0       0       0       0       0       0       0       0       0       0       0       0       0       0       0
      Totals:        18       0       0       0       0       0       0       0       0       0       0       0       0       0       0       0       0
Total ram usage:       18 bytes
 Hardware stack levels used:    1
 Hardware stack levels required when called:    1
 This function calls:
		___lwdiv
		___lwmod
 This function is called by:
		_main
 This function uses a non-reentrant model


 *************** function ___lwmod *****************
 Defined at:
		line 10 in file "C:\Program Files (x86)\Microchip\xc8\v1.21\sources\common\lwmod.c"
 Parameters:    Size  Location     Type
  dividend        2    8[COMRAM] unsigned int 
  divisor         2   10[COMRAM] unsigned int 
 Auto vars:     Size  Location     Type
  counter         1   13[COMRAM] unsigned char 
 Return value:  Size  Location     Type
                  2    8[COMRAM] unsigned int 
 Registers used:
		wreg, status,2, status,0
 Tracked objects:
		On entry : 
		On exit  : 
		Unchanged: 
 Data sizes:     COMRAM   BANK0   BANK1   BANK2   BANK3   BANK4   BANK5   BANK6   BANK7   BANK8   BANK9  BANK10  BANK11  BANK12  BANK13  BANK14  BANK15
      Params:         4       0       0       0       0       0       0       0       0       0       0       0       0       0       0       0       0
      Locals:         1       0       0       0       0       0       0       0       0       0       0       0       0       0       0       0       0
      Temps:          1       0       0       0       0       0       0       0       0       0       0       0       0       0       0       0       0
      Totals:         6       0       0       0       0       0       0       0       0       0       0       0       0       0       0       0       0
Total ram usage:        6 bytes
 Hardware stack levels used:    1
 This function calls:
		Nothing
 This function is called by:
		_sprintf
 This function uses a non-reentrant model


 *************** function ___lwdiv *****************
 Defined at:
		line 10 in file "C:\Program Files (x86)\Microchip\xc8\v1.21\sources\common\lwdiv.c"
 Parameters:    Size  Location     Type
  dividend        2    0[COMRAM] unsigned int 
  divisor         2    2[COMRAM] unsigned int 
 Auto vars:     Size  Location     Type
  quotient        2    5[COMRAM] unsigned int 
  counter         1    7[COMRAM] unsigned char 
 Return value:  Size  Location     Type
                  2    0[COMRAM] unsigned int 
 Registers used:
		wreg, status,2, status,0
 Tracked objects:
		On entry : 
		On exit  : 
		Unchanged: 
 Data sizes:     COMRAM   BANK0   BANK1   BANK2   BANK3   BANK4   BANK5   BANK6   BANK7   BANK8   BANK9  BANK10  BANK11  BANK12  BANK13  BANK14  BANK15
      Params:         4       0       0       0       0       0       0       0       0       0       0       0       0       0       0       0       0
      Locals:         3       0       0       0       0       0       0       0       0       0       0       0       0       0       0       0       0
      Temps:          1       0       0       0       0       0       0       0       0       0       0       0       0       0       0       0       0
      Totals:         8       0       0       0       0       0       0       0       0       0       0       0       0       0       0       0       0
Total ram usage:        8 bytes
 Hardware stack levels used:    1
 This function calls:
		Nothing
 This function is called by:
		_sprintf
 This function uses a non-reentrant model


 *************** function _atan *****************
 Defined at:
		line 9 in file "C:\Program Files (x86)\Microchip\xc8\v1.21\sources\common\atan.c"
 Parameters:    Size  Location     Type
  f               3   84[COMRAM] unsigned int 
 Auto vars:     Size  Location     Type
  val             3   10[BANK0 ] unsigned int 
  val_squared     3    7[BANK0 ] unsigned int 
  x               3    3[BANK0 ] unsigned int 
  y               3    0[BANK0 ] unsigned int 
  recip           1    6[BANK0 ] unsigned char 
 Return value:  Size  Location     Type
                  3   84[COMRAM] unsigned char 
 Registers used:
		wreg, fsr2l, fsr2h, status,2, status,0, tblptrl, tblptrh, tblptru, prodl, prodh, cstack
 Tracked objects:
		On entry : 
		On exit  : 
		Unchanged: 
 Data sizes:     COMRAM   BANK0   BANK1   BANK2   BANK3   BANK4   BANK5   BANK6   BANK7   BANK8   BANK9  BANK10  BANK11  BANK12  BANK13  BANK14  BANK15
      Params:         3       0       0       0       0       0       0       0       0       0       0       0       0       0       0       0       0
      Locals:         0      13       0       0       0       0       0       0       0       0       0       0       0       0       0       0       0
      Temps:          0       0       0       0       0       0       0       0       0       0       0       0       0       0       0       0       0
      Totals:         3      13       0       0       0       0       0       0       0       0       0       0       0       0       0       0       0
Total ram usage:       16 bytes
 Hardware stack levels used:    1
 Hardware stack levels required when called:    3
 This function calls:
		___ftadd
		___ftdiv
		___asftmul
		___ftmul
		_fabs
		_eval_poly
		___ftge
		___ftneg
 This function is called by:
		_main
 This function uses a non-reentrant model


 *************** function _eval_poly *****************
 Defined at:
		line 5 in file "C:\Program Files (x86)\Microchip\xc8\v1.21\sources\common\evalpoly.c"
 Parameters:    Size  Location     Type
  x               3   69[COMRAM] unsigned char 
  d               2   72[COMRAM] PTR const 
		 -> atan@coeff_a(18), atan@coeff_b(15), 
  n               2   74[COMRAM] int 
 Auto vars:     Size  Location     Type
  res             3   81[COMRAM] int 
 Return value:  Size  Location     Type
                  3   69[COMRAM] int 
 Registers used:
		wreg, status,2, status,0, tblptrl, tblptrh, tblptru, prodl, prodh, cstack
 Tracked objects:
		On entry : 
		On exit  : 
		Unchanged: 
 Data sizes:     COMRAM   BANK0   BANK1   BANK2   BANK3   BANK4   BANK5   BANK6   BANK7   BANK8   BANK9  BANK10  BANK11  BANK12  BANK13  BANK14  BANK15
      Params:         7       0       0       0       0       0       0       0       0       0       0       0       0       0       0       0       0
      Locals:         3       0       0       0       0       0       0       0       0       0       0       0       0       0       0       0       0
      Temps:          5       0       0       0       0       0       0       0       0       0       0       0       0       0       0       0       0
      Totals:        15       0       0       0       0       0       0       0       0       0       0       0       0       0       0       0       0
Total ram usage:       15 bytes
 Hardware stack levels used:    1
 Hardware stack levels required when called:    2
 This function calls:
		___ftadd
		___ftmul
		___wmul
 This function is called by:
		_atan
 This function uses a non-reentrant model


 *************** function ___ftadd *****************
 Defined at:
		line 87 in file "C:\Program Files (x86)\Microchip\xc8\v1.21\sources\common\ftadd.c"
 Parameters:    Size  Location     Type
  f1              3   55[COMRAM] float 
  f2              3   58[COMRAM] float 
 Auto vars:     Size  Location     Type
  exp1            1   68[COMRAM] unsigned char 
  exp2            1   67[COMRAM] unsigned char 
  sign            1   66[COMRAM] unsigned char 
 Return value:  Size  Location     Type
                  3   55[COMRAM] float 
 Registers used:
		wreg, status,2, status,0, cstack
 Tracked objects:
		On entry : 
		On exit  : 
		Unchanged: 
 Data sizes:     COMRAM   BANK0   BANK1   BANK2   BANK3   BANK4   BANK5   BANK6   BANK7   BANK8   BANK9  BANK10  BANK11  BANK12  BANK13  BANK14  BANK15
      Params:         6       0       0       0       0       0       0       0       0       0       0       0       0       0       0       0       0
      Locals:         3       0       0       0       0       0       0       0       0       0       0       0       0       0       0       0       0
      Temps:          5       0       0       0       0       0       0       0       0       0       0       0       0       0       0       0       0
      Totals:        14       0       0       0       0       0       0       0       0       0       0       0       0       0       0       0       0
Total ram usage:       14 bytes
 Hardware stack levels used:    1
 Hardware stack levels required when called:    1
 This function calls:
		___ftpack
 This function is called by:
		_main
		_atan
		_eval_poly
 This function uses a non-reentrant model


 *************** function _fabs *****************
 Defined at:
		line 5 in file "C:\Program Files (x86)\Microchip\xc8\v1.21\sources\common\fabs.c"
 Parameters:    Size  Location     Type
  d               3   33[COMRAM] float 
 Auto vars:     Size  Location     Type
		None
 Return value:  Size  Location     Type
                  3   33[COMRAM] float 
 Registers used:
		wreg, status,2, status,0, cstack
 Tracked objects:
		On entry : 
		On exit  : 
		Unchanged: 
 Data sizes:     COMRAM   BANK0   BANK1   BANK2   BANK3   BANK4   BANK5   BANK6   BANK7   BANK8   BANK9  BANK10  BANK11  BANK12  BANK13  BANK14  BANK15
      Params:         3       0       0       0       0       0       0       0       0       0       0       0       0       0       0       0       0
      Locals:         0       0       0       0       0       0       0       0       0       0       0       0       0       0       0       0       0
      Temps:          0       0       0       0       0       0       0       0       0       0       0       0       0       0       0       0       0
      Totals:         3       0       0       0       0       0       0       0       0       0       0       0       0       0       0       0       0
Total ram usage:        3 bytes
 Hardware stack levels used:    1
 Hardware stack levels required when called:    1
 This function calls:
		___ftneg
 This function is called by:
		_atan
 This function uses a non-reentrant model


 *************** function ___asftmul *****************
 Defined at:
		line 5 in file "C:\Program Files (x86)\Microchip\xc8\v1.21\sources\pic18\asftmul.c"
 Parameters:    Size  Location     Type
  f1p             2   55[COMRAM] PTR float 
		 -> atan@val(3), 
  f2              3   57[COMRAM] float 
 Auto vars:     Size  Location     Type
		None
 Return value:  Size  Location     Type
                  3   55[COMRAM] float 
 Registers used:
		wreg, fsr2l, fsr2h, status,2, status,0, cstack
 Tracked objects:
		On entry : 
		On exit  : 
		Unchanged: 
 Data sizes:     COMRAM   BANK0   BANK1   BANK2   BANK3   BANK4   BANK5   BANK6   BANK7   BANK8   BANK9  BANK10  BANK11  BANK12  BANK13  BANK14  BANK15
      Params:         5       0       0       0       0       0       0       0       0       0       0       0       0       0       0       0       0
      Locals:         0       0       0       0       0       0       0       0       0       0       0       0       0       0       0       0       0
      Temps:          0       0       0       0       0       0       0       0       0       0       0       0       0       0       0       0       0
      Totals:         5       0       0       0       0       0       0       0       0       0       0       0       0       0       0       0       0
Total ram usage:        5 bytes
 Hardware stack levels used:    1
 Hardware stack levels required when called:    2
 This function calls:
		___ftmul
 This function is called by:
		_atan
 This function uses a non-reentrant model


 *************** function ___ftdiv *****************
 Defined at:
		line 50 in file "C:\Program Files (x86)\Microchip\xc8\v1.21\sources\common\ftdiv.c"
 Parameters:    Size  Location     Type
  f1              3   38[COMRAM] float 
  f2              3   41[COMRAM] float 
 Auto vars:     Size  Location     Type
  f3              3   50[COMRAM] float 
  sign            1   54[COMRAM] unsigned char 
  exp             1   53[COMRAM] unsigned char 
  cntr            1   49[COMRAM] unsigned char 
 Return value:  Size  Location     Type
                  3   38[COMRAM] float 
 Registers used:
		wreg, status,2, status,0, cstack
 Tracked objects:
		On entry : 
		On exit  : 
		Unchanged: 
 Data sizes:     COMRAM   BANK0   BANK1   BANK2   BANK3   BANK4   BANK5   BANK6   BANK7   BANK8   BANK9  BANK10  BANK11  BANK12  BANK13  BANK14  BANK15
      Params:         6       0       0       0       0       0       0       0       0       0       0       0       0       0       0       0       0
      Locals:         6       0       0       0       0       0       0       0       0       0       0       0       0       0       0       0       0
      Temps:          5       0       0       0       0       0       0       0       0       0       0       0       0       0       0       0       0
      Totals:        17       0       0       0       0       0       0       0       0       0       0       0       0       0       0       0       0
Total ram usage:       17 bytes
 Hardware stack levels used:    1
 Hardware stack levels required when called:    1
 This function calls:
		___ftpack
 This function is called by:
		_main
		_atan
 This function uses a non-reentrant model


 *************** function ___ftpack *****************
 Defined at:
		line 63 in file "C:\Program Files (x86)\Microchip\xc8\v1.21\sources\common\float.c"
 Parameters:    Size  Location     Type
  arg             3    0[COMRAM] unsigned um
  exp             1    3[COMRAM] unsigned char 
  sign            1    4[COMRAM] unsigned char 
 Auto vars:     Size  Location     Type
		None
 Return value:  Size  Location     Type
                  3    0[COMRAM] float 
 Registers used:
		wreg, status,2, status,0
 Tracked objects:
		On entry : 
		On exit  : 
		Unchanged: 
 Data sizes:     COMRAM   BANK0   BANK1   BANK2   BANK3   BANK4   BANK5   BANK6   BANK7   BANK8   BANK9  BANK10  BANK11  BANK12  BANK13  BANK14  BANK15
      Params:         5       0       0       0       0       0       0       0       0       0       0       0       0       0       0       0       0
      Locals:         0       0       0       0       0       0       0       0       0       0       0       0       0       0       0       0       0
      Temps:          3       0       0       0       0       0       0       0       0       0       0       0       0       0       0       0       0
      Totals:         8       0       0       0       0       0       0       0       0       0       0       0       0       0       0       0       0
Total ram usage:        8 bytes
 Hardware stack levels used:    1
 This function calls:
		Nothing
 This function is called by:
		___awtoft
		___ftadd
		___ftdiv
		___ftmul
 This function uses a non-reentrant model


 *************** function _readLSM9_mag *****************
 Defined at:
		line 181 in file "LSM9DS0.c"
 Parameters:    Size  Location     Type
  dest            2    7[COMRAM] PTR unsigned int 
		 -> main@mag(6), 
 Auto vars:     Size  Location     Type
		None
 Return value:  Size  Location     Type
		None               void
 Registers used:
		wreg, fsr2l, fsr2h, status,2, status,0, cstack
 Tracked objects:
		On entry : 
		On exit  : 
		Unchanged: 
 Data sizes:     COMRAM   BANK0   BANK1   BANK2   BANK3   BANK4   BANK5   BANK6   BANK7   BANK8   BANK9  BANK10  BANK11  BANK12  BANK13  BANK14  BANK15
      Params:         2       0       0       0       0       0       0       0       0       0       0       0       0       0       0       0       0
      Locals:         0       0       0       0       0       0       0       0       0       0       0       0       0       0       0       0       0
      Temps:          6       0       0       0       0       0       0       0       0       0       0       0       0       0       0       0       0
      Totals:         8       0       0       0       0       0       0       0       0       0       0       0       0       0       0       0       0
Total ram usage:        8 bytes
 Hardware stack levels used:    1
 Hardware stack levels required when called:    3
 This function calls:
		_xmReadByte
 This function is called by:
		_main
 This function uses a non-reentrant model


 *************** function _readLSM9_gyro *****************
 Defined at:
		line 188 in file "LSM9DS0.c"
 Parameters:    Size  Location     Type
  dest            2    7[COMRAM] PTR unsigned int 
		 -> main@gyro(6), 
 Auto vars:     Size  Location     Type
		None
 Return value:  Size  Location     Type
		None               void
 Registers used:
		wreg, fsr2l, fsr2h, status,2, status,0, cstack
 Tracked objects:
		On entry : 
		On exit  : 
		Unchanged: 
 Data sizes:     COMRAM   BANK0   BANK1   BANK2   BANK3   BANK4   BANK5   BANK6   BANK7   BANK8   BANK9  BANK10  BANK11  BANK12  BANK13  BANK14  BANK15
      Params:         2       0       0       0       0       0       0       0       0       0       0       0       0       0       0       0       0
      Locals:         0       0       0       0       0       0       0       0       0       0       0       0       0       0       0       0       0
      Temps:          6       0       0       0       0       0       0       0       0       0       0       0       0       0       0       0       0
      Totals:         8       0       0       0       0       0       0       0       0       0       0       0       0       0       0       0       0
Total ram usage:        8 bytes
 Hardware stack levels used:    1
 Hardware stack levels required when called:    3
 This function calls:
		_gReadByte
 This function is called by:
		_main
 This function uses a non-reentrant model


 *************** function _readLSM9_accel *****************
 Defined at:
		line 174 in file "LSM9DS0.c"
 Parameters:    Size  Location     Type
  dest            2    7[COMRAM] PTR unsigned int 
		 -> main@accel(6), 
 Auto vars:     Size  Location     Type
		None
 Return value:  Size  Location     Type
		None               void
 Registers used:
		wreg, fsr2l, fsr2h, status,2, status,0, cstack
 Tracked objects:
		On entry : 
		On exit  : 
		Unchanged: 
 Data sizes:     COMRAM   BANK0   BANK1   BANK2   BANK3   BANK4   BANK5   BANK6   BANK7   BANK8   BANK9  BANK10  BANK11  BANK12  BANK13  BANK14  BANK15
      Params:         2       0       0       0       0       0       0       0       0       0       0       0       0       0       0       0       0
      Locals:         0       0       0       0       0       0       0       0       0       0       0       0       0       0       0       0       0
      Temps:          6       0       0       0       0       0       0       0       0       0       0       0       0       0       0       0       0
      Totals:         8       0       0       0       0       0       0       0       0       0       0       0       0       0       0       0       0
Total ram usage:        8 bytes
 Hardware stack levels used:    1
 Hardware stack levels required when called:    3
 This function calls:
		_xmReadByte
 This function is called by:
		_main
 This function uses a non-reentrant model


 *************** function _openLSM9 *****************
 Defined at:
		line 5 in file "LSM9DS0.c"
 Parameters:    Size  Location     Type
  _xmadd          1    7[COMRAM] unsigned char 
  _gadd           1    8[COMRAM] unsigned char 
 Auto vars:     Size  Location     Type
  xmtest          1   12[COMRAM] unsigned char 
  gtest           1   11[COMRAM] unsigned char 
 Return value:  Size  Location     Type
                  2    7[COMRAM] unsigned int 
 Registers used:
		wreg, status,2, status,0, cstack
 Tracked objects:
		On entry : 
		On exit  : 
		Unchanged: 
 Data sizes:     COMRAM   BANK0   BANK1   BANK2   BANK3   BANK4   BANK5   BANK6   BANK7   BANK8   BANK9  BANK10  BANK11  BANK12  BANK13  BANK14  BANK15
      Params:         2       0       0       0       0       0       0       0       0       0       0       0       0       0       0       0       0
      Locals:         2       0       0       0       0       0       0       0       0       0       0       0       0       0       0       0       0
      Temps:          2       0       0       0       0       0       0       0       0       0       0       0       0       0       0       0       0
      Totals:         6       0       0       0       0       0       0       0       0       0       0       0       0       0       0       0       0
Total ram usage:        6 bytes
 Hardware stack levels used:    1
 Hardware stack levels required when called:    3
 This function calls:
		_xmReadByte
		_gReadByte
		_openLSM9_accel
		_openLSM9_gyro
		_openLSM9_mag
 This function is called by:
		_main
 This function uses a non-reentrant model


 *************** function _openLSM9_mag *****************
 Defined at:
		line 121 in file "LSM9DS0.c"
 Parameters:    Size  Location     Type
		None
 Auto vars:     Size  Location     Type
		None
 Return value:  Size  Location     Type
		None               void
 Registers used:
		wreg, status,2, status,0, cstack
 Tracked objects:
		On entry : 
		On exit  : 
		Unchanged: 
 Data sizes:     COMRAM   BANK0   BANK1   BANK2   BANK3   BANK4   BANK5   BANK6   BANK7   BANK8   BANK9  BANK10  BANK11  BANK12  BANK13  BANK14  BANK15
      Params:         0       0       0       0       0       0       0       0       0       0       0       0       0       0       0       0       0
      Locals:         0       0       0       0       0       0       0       0       0       0       0       0       0       0       0       0       0
      Temps:          2       0       0       0       0       0       0       0       0       0       0       0       0       0       0       0       0
      Totals:         2       0       0       0       0       0       0       0       0       0       0       0       0       0       0       0       0
Total ram usage:        2 bytes
 Hardware stack levels used:    1
 Hardware stack levels required when called:    2
 This function calls:
		_xmWriteByte
 This function is called by:
		_openLSM9
 This function uses a non-reentrant model


 *************** function _openLSM9_gyro *****************
 Defined at:
		line 64 in file "LSM9DS0.c"
 Parameters:    Size  Location     Type
		None
 Auto vars:     Size  Location     Type
		None
 Return value:  Size  Location     Type
		None               void
 Registers used:
		wreg, status,2, status,0, cstack
 Tracked objects:
		On entry : 
		On exit  : 
		Unchanged: 
 Data sizes:     COMRAM   BANK0   BANK1   BANK2   BANK3   BANK4   BANK5   BANK6   BANK7   BANK8   BANK9  BANK10  BANK11  BANK12  BANK13  BANK14  BANK15
      Params:         0       0       0       0       0       0       0       0       0       0       0       0       0       0       0       0       0
      Locals:         0       0       0       0       0       0       0       0       0       0       0       0       0       0       0       0       0
      Temps:          2       0       0       0       0       0       0       0       0       0       0       0       0       0       0       0       0
      Totals:         2       0       0       0       0       0       0       0       0       0       0       0       0       0       0       0       0
Total ram usage:        2 bytes
 Hardware stack levels used:    1
 Hardware stack levels required when called:    2
 This function calls:
		_gWriteByte
 This function is called by:
		_openLSM9
 This function uses a non-reentrant model


 *************** function _gWriteByte *****************
 Defined at:
		line 242 in file "LSM9DS0.c"
 Parameters:    Size  Location     Type
  subadd          1    2[COMRAM] unsigned char 
  data            1    3[COMRAM] unsigned char 
 Auto vars:     Size  Location     Type
		None
 Return value:  Size  Location     Type
		None               void
 Registers used:
		wreg, status,2, status,0, cstack
 Tracked objects:
		On entry : 
		On exit  : 
		Unchanged: 
 Data sizes:     COMRAM   BANK0   BANK1   BANK2   BANK3   BANK4   BANK5   BANK6   BANK7   BANK8   BANK9  BANK10  BANK11  BANK12  BANK13  BANK14  BANK15
      Params:         2       0       0       0       0       0       0       0       0       0       0       0       0       0       0       0       0
      Locals:         0       0       0       0       0       0       0       0       0       0       0       0       0       0       0       0       0
      Temps:          0       0       0       0       0       0       0       0       0       0       0       0       0       0       0       0       0
      Totals:         2       0       0       0       0       0       0       0       0       0       0       0       0       0       0       0       0
Total ram usage:        2 bytes
 Hardware stack levels used:    1
 Hardware stack levels required when called:    1
 This function calls:
		_WriteI2C1
 This function is called by:
		_openLSM9_gyro
 This function uses a non-reentrant model


 *************** function _openLSM9_accel *****************
 Defined at:
		line 22 in file "LSM9DS0.c"
 Parameters:    Size  Location     Type
		None
 Auto vars:     Size  Location     Type
		None
 Return value:  Size  Location     Type
		None               void
 Registers used:
		wreg, status,2, status,0, cstack
 Tracked objects:
		On entry : 
		On exit  : 
		Unchanged: 
 Data sizes:     COMRAM   BANK0   BANK1   BANK2   BANK3   BANK4   BANK5   BANK6   BANK7   BANK8   BANK9  BANK10  BANK11  BANK12  BANK13  BANK14  BANK15
      Params:         0       0       0       0       0       0       0       0       0       0       0       0       0       0       0       0       0
[...]
		_xmReadByte
 This function uses a non-reentrant model


 *************** function _ReadI2C1 *****************
 Defined at:
		line 12 in file "C:\Program Files (x86)\Microchip\xc8\v1.21\sources\pic18\plib\i2c\i2c1read.c"
 Parameters:    Size  Location     Type
		None
 Auto vars:     Size  Location     Type
		None
 Return value:  Size  Location     Type
                  1    wreg      unsigned char 
 Registers used:
		wreg, status,2, status,0
 Tracked objects:
		On entry : 
		On exit  : 
		Unchanged: 
 Data sizes:     COMRAM   BANK0   BANK1   BANK2   BANK3   BANK4   BANK5   BANK6   BANK7   BANK8   BANK9  BANK10  BANK11  BANK12  BANK13  BANK14  BANK15
      Params:         0       0       0       0       0       0       0       0       0       0       0       0       0       0       0       0       0
      Locals:         0       0       0       0       0       0       0       0       0       0       0       0       0       0       0       0       0
      Temps:          0       0       0       0       0       0       0       0       0       0       0       0       0       0       0       0       0
      Totals:         0       0       0       0       0       0       0       0       0       0       0       0       0       0       0       0       0
Total ram usage:        0 bytes
 Hardware stack levels used:    1
 This function calls:
		Nothing
 This function is called by:
		_I2CReadByte
		_gReadBytes
 This function uses a non-reentrant model


 *************** function _WriteI2C1 *****************
 Defined at:
		line 13 in file "C:\Program Files (x86)\Microchip\xc8\v1.21\sources\pic18\plib\i2c\i2c1writ.c"
 Parameters:    Size  Location     Type
  data_out        1    0[COMRAM] unsigned char 
 Auto vars:     Size  Location     Type
		None
 Return value:  Size  Location     Type
                  1    wreg      char 
 Registers used:
		wreg, status,2, status,0
 Tracked objects:
		On entry : 
		On exit  : 
		Unchanged: 
 Data sizes:     COMRAM   BANK0   BANK1   BANK2   BANK3   BANK4   BANK5   BANK6   BANK7   BANK8   BANK9  BANK10  BANK11  BANK12  BANK13  BANK14  BANK15
      Params:         1       0       0       0       0       0       0       0       0       0       0       0       0       0       0       0       0
      Locals:         0       0       0       0       0       0       0       0       0       0       0       0       0       0       0       0       0
      Temps:          1       0       0       0       0       0       0       0       0       0       0       0       0       0       0       0       0
      Totals:         2       0       0       0       0       0       0       0       0       0       0       0       0       0       0       0       0
Total ram usage:        2 bytes
 Hardware stack levels used:    1
 This function calls:
		Nothing
 This function is called by:
		_gWriteByte
		_xmWriteByte
		_I2CReadByte
		_gReadBytes
		_xmReadBytes
		_I2CWriteByte
 This function uses a non-reentrant model


 *************** function _Tomcat_Setup *****************
 Defined at:
		line 8 in file "Tomcat_driver.c"
 Parameters:    Size  Location     Type
		None
 Auto vars:     Size  Location     Type
		None
 Return value:  Size  Location     Type
		None               void
 Registers used:
		wreg, status,2, status,0, cstack
 Tracked objects:
		On entry : 
		On exit  : 
		Unchanged: 
 Data sizes:     COMRAM   BANK0   BANK1   BANK2   BANK3   BANK4   BANK5   BANK6   BANK7   BANK8   BANK9  BANK10  BANK11  BANK12  BANK13  BANK14  BANK15
      Params:         0       0       0       0       0       0       0       0       0       0       0       0       0       0       0       0       0
      Locals:         0       0       0       0       0       0       0       0       0       0       0       0       0       0       0       0       0
      Temps:          2       0       0       0       0       0       0       0       0       0       0       0       0       0       0       0       0
      Totals:         2       0       0       0       0       0       0       0       0       0       0       0       0       0       0       0       0
Total ram usage:        2 bytes
 Hardware stack levels used:    1
 Hardware stack levels required when called:    1
 This function calls:
		_OpenI2C1
		_Open1USART
 This function is called by:
		_main
 This function uses a non-reentrant model


 *************** function _Open1USART *****************
 Defined at:
		line 125 in file "C:\Program Files (x86)\Microchip\xc8\v1.21\sources\pic18\plib\USART\u1open.c"
 Parameters:    Size  Location     Type
  config          1    0[COMRAM] unsigned char 
  spbrg           2    1[COMRAM] unsigned int 
 Auto vars:     Size  Location     Type
		None
 Return value:  Size  Location     Type
		None               void
 Registers used:
		wreg, status,2
 Tracked objects:
		On entry : 
		On exit  : 
		Unchanged: 
 Data sizes:     COMRAM   BANK0   BANK1   BANK2   BANK3   BANK4   BANK5   BANK6   BANK7   BANK8   BANK9  BANK10  BANK11  BANK12  BANK13  BANK14  BANK15
      Params:         3       0       0       0       0       0       0       0       0       0       0       0       0       0       0       0       0
      Locals:         0       0       0       0       0       0       0       0       0       0       0       0       0       0       0       0       0
      Temps:          0       0       0       0       0       0       0       0       0       0       0       0       0       0       0       0       0
      Totals:         3       0       0       0       0       0       0       0       0       0       0       0       0       0       0       0       0
Total ram usage:        3 bytes
 Hardware stack levels used:    1
 This function calls:
		Nothing
 This function is called by:
		_Tomcat_Setup
 This function uses a non-reentrant model


 *************** function _OpenI2C1 *****************
 Defined at:
		line 30 in file "C:\Program Files (x86)\Microchip\xc8\v1.21\sources\pic18\plib\i2c\i2c1open.c"
 Parameters:    Size  Location     Type
  sync_mode       1    0[COMRAM] unsigned char 
  slew            1    1[COMRAM] unsigned char 
 Auto vars:     Size  Location     Type
		None
 Return value:  Size  Location     Type
		None               void
 Registers used:
		wreg, status,2, status,0
 Tracked objects:
		On entry : 
		On exit  : 
		Unchanged: 
 Data sizes:     COMRAM   BANK0   BANK1   BANK2   BANK3   BANK4   BANK5   BANK6   BANK7   BANK8   BANK9  BANK10  BANK11  BANK12  BANK13  BANK14  BANK15
      Params:         2       0       0       0       0       0       0       0       0       0       0       0       0       0       0       0       0
      Locals:         0       0       0       0       0       0       0       0       0       0       0       0       0       0       0       0       0
      Temps:          0       0       0       0       0       0       0       0       0       0       0       0       0       0       0       0       0
      Totals:         2       0       0       0       0       0       0       0       0       0       0       0       0       0       0       0       0
Total ram usage:        2 bytes
 Hardware stack levels used:    1
 This function calls:
		Nothing
 This function is called by:
		_Tomcat_Setup
 This function uses a non-reentrant model


 *************** function ___ftmul *****************
 Defined at:
		line 52 in file "C:\Program Files (x86)\Microchip\xc8\v1.21\sources\common\ftmul.c"
 Parameters:    Size  Location     Type
  f1              3   33[COMRAM] float 
  f2              3   36[COMRAM] float 
 Auto vars:     Size  Location     Type
  f3_as_produc    3   45[COMRAM] unsigned um
  sign            1   49[COMRAM] unsigned char 
  cntr            1   48[COMRAM] unsigned char 
  exp             1   44[COMRAM] unsigned char 
 Return value:  Size  Location     Type
                  3   33[COMRAM] float 
 Registers used:
		wreg, status,2, status,0, cstack
 Tracked objects:
		On entry : 
		On exit  : 
		Unchanged: 
 Data sizes:     COMRAM   BANK0   BANK1   BANK2   BANK3   BANK4   BANK5   BANK6   BANK7   BANK8   BANK9  BANK10  BANK11  BANK12  BANK13  BANK14  BANK15
      Params:         6       0       0       0       0       0       0       0       0       0       0       0       0       0       0       0       0
      Locals:         6       0       0       0       0       0       0       0       0       0       0       0       0       0       0       0       0
      Temps:          5       0       0       0       0       0       0       0       0       0       0       0       0       0       0       0       0
      Totals:        17       0       0       0       0       0       0       0       0       0       0       0       0       0       0       0       0
Total ram usage:       17 bytes
 Hardware stack levels used:    1
 Hardware stack levels required when called:    1
 This function calls:
		___ftpack
 This function is called by:
		___asftmul
		_atan
		_eval_poly
 This function uses a non-reentrant model


 *************** function ___ftneg *****************
 Defined at:
		line 16 in file "C:\Program Files (x86)\Microchip\xc8\v1.21\sources\common\ftneg.c"
 Parameters:    Size  Location     Type
  f1              3   15[COMRAM] float 
 Auto vars:     Size  Location     Type
		None
 Return value:  Size  Location     Type
                  3   15[COMRAM] float 
 Registers used:
		wreg, status,2, status,0
 Tracked objects:
		On entry : 
		On exit  : 
		Unchanged: 
 Data sizes:     COMRAM   BANK0   BANK1   BANK2   BANK3   BANK4   BANK5   BANK6   BANK7   BANK8   BANK9  BANK10  BANK11  BANK12  BANK13  BANK14  BANK15
      Params:         3       0       0       0       0       0       0       0       0       0       0       0       0       0       0       0       0
      Locals:         0       0       0       0       0       0       0       0       0       0       0       0       0       0       0       0       0
      Temps:          0       0       0       0       0       0       0       0       0       0       0       0       0       0       0       0       0
      Totals:         3       0       0       0       0       0       0       0       0       0       0       0       0       0       0       0       0
Total ram usage:        3 bytes
 Hardware stack levels used:    1
 This function calls:
		Nothing
 This function is called by:
		_main
		_atan
		_fabs
 This function uses a non-reentrant model


 *************** function ___wmul *****************
 Defined at:
		line 5 in file "C:\Program Files (x86)\Microchip\xc8\v1.21\sources\common\wmul.c"
 Parameters:    Size  Location     Type
  multiplier      2    9[COMRAM] unsigned int 
  multiplicand    2   11[COMRAM] unsigned int 
 Auto vars:     Size  Location     Type
  product         2   13[COMRAM] unsigned int 
 Return value:  Size  Location     Type
                  2    9[COMRAM] unsigned int 
 Registers used:
		wreg, status,2, status,0, prodl, prodh
 Tracked objects:
		On entry : 
		On exit  : 
		Unchanged: 
 Data sizes:     COMRAM   BANK0   BANK1   BANK2   BANK3   BANK4   BANK5   BANK6   BANK7   BANK8   BANK9  BANK10  BANK11  BANK12  BANK13  BANK14  BANK15
      Params:         4       0       0       0       0       0       0       0       0       0       0       0       0       0       0       0       0
      Locals:         2       0       0       0       0       0       0       0       0       0       0       0       0       0       0       0       0
      Temps:          0       0       0       0       0       0       0       0       0       0       0       0       0       0       0       0       0
      Totals:         6       0       0       0       0       0       0       0       0       0       0       0       0       0       0       0       0
Total ram usage:        6 bytes
 Hardware stack levels used:    1
 This function calls:
		Nothing
 This function is called by:
		_main
		_eval_poly
 This function uses a non-reentrant model


 *************** function ___ftge *****************
 Defined at:
		line 5 in file "C:\Program Files (x86)\Microchip\xc8\v1.21\sources\common\ftge.c"
 Parameters:    Size  Location     Type
  ff1             3    0[COMRAM] float 
  ff2             3    3[COMRAM] float 
 Auto vars:     Size  Location     Type
		None
 Return value:  Size  Location     Type
		None               void
 Registers used:
		wreg, status,2, status,0
 Tracked objects:
		On entry : 
		On exit  : 
		Unchanged: 
 Data sizes:     COMRAM   BANK0   BANK1   BANK2   BANK3   BANK4   BANK5   BANK6   BANK7   BANK8   BANK9  BANK10  BANK11  BANK12  BANK13  BANK14  BANK15
      Params:         6       0       0       0       0       0       0       0       0       0       0       0       0       0       0       0       0
      Locals:         0       0       0       0       0       0       0       0       0       0       0       0       0       0       0       0       0
      Temps:          3       0       0       0       0       0       0       0       0       0       0       0       0       0       0       0       0
      Totals:         9       0       0       0       0       0       0       0       0       0       0       0       0       0       0       0       0
Total ram usage:        9 bytes
 Hardware stack levels used:    1
 This function calls:
		Nothing
 This function is called by:
		_atan
 This function uses a non-reentrant model



MODULE INFORMATION

Module		Function		Class		Link	Load	Size
C:\Program Files (x86)\Microchip\xc8\v1.21\sources\common\lwdiv.c
		___lwdiv       		CODE           	22BA	0000	86

C:\Program Files (x86)\Microchip\xc8\v1.21\sources\common\lwdiv.c estimated size: 86

C:\Program Files (x86)\Microchip\xc8\v1.21\sources\common\float.c
		___ftpack      		CODE           	1C54	0000	184

C:\Program Files (x86)\Microchip\xc8\v1.21\sources\common\float.c estimated size: 184

C:\Program Files (x86)\Microchip\xc8\v1.21\sources\pic18\plib\USART\u1open.c
		_Open1USART    		CODE           	2362	0000	76

C:\Program Files (x86)\Microchip\xc8\v1.21\sources\pic18\plib\USART\u1open.c estimated size: 76

C:\Program Files (x86)\Microchip\xc8\v1.21\sources\common\ftge.c
		___ftge        		CODE           	1FC4	0000	144

C:\Program Files (x86)\Microchip\xc8\v1.21\sources\common\ftge.c estimated size: 144

C:\Program Files (x86)\Microchip\xc8\v1.21\sources\common\wmul.c
		___wmul        		CODE           	24B6	0000	58

C:\Program Files (x86)\Microchip\xc8\v1.21\sources\common\wmul.c estimated size: 58

C:\Program Files (x86)\Microchip\xc8\v1.21\sources\common\evalpoly.c
		_eval_poly     		CODE           	1B6A	0000	234

C:\Program Files (x86)\Microchip\xc8\v1.21\sources\common\evalpoly.c estimated size: 234

C:\Program Files (x86)\Microchip\xc8\v1.21\sources\pic18\plib\i2c\i2c1open.c
		_OpenI2C1      		CODE           	25DE	0000	24

C:\Program Files (x86)\Microchip\xc8\v1.21\sources\pic18\plib\i2c\i2c1open.c estimated size: 24

shared
		__stringdata   		SMALLCONST     	102B	0000	12
		_dpowers       		SMALLCONST     	1000	0000	10
		atan@coeff_a   		SMALLCONST     	100A	0000	18
		atan@coeff_b   		SMALLCONST     	101C	0000	15
		__initializatio		CODE           	2626	0000	6

shared estimated size: 61

C:\Program Files (x86)\Microchip\xc8\v1.21\sources\common\doprnt.c
		_sprintf       		CODE           	16CC	0000	374

C:\Program Files (x86)\Microchip\xc8\v1.21\sources\common\doprnt.c estimated size: 374

C:\Program Files (x86)\Microchip\xc8\v1.21\sources\pic18\plib\USART\u1putrs.c
		_putrs1USART   		CODE           	2528	0000	40

C:\Program Files (x86)\Microchip\xc8\v1.21\sources\pic18\plib\USART\u1putrs.c estimated size: 40

C:\Program Files (x86)\Microchip\xc8\v1.21\sources\common\ftdiv.c
		___ftdiv       		CODE           	195E	0000	266

C:\Program Files (x86)\Microchip\xc8\v1.21\sources\common\ftdiv.c estimated size: 266

I2C_mat.c
		_I2CReadByte   		CODE           	2208	0000	90

I2C_mat.c estimated size: 90

C:\Program Files (x86)\Microchip\xc8\v1.21\sources\common\atan.c
		_atan          		CODE           	132C	0000	468

C:\Program Files (x86)\Microchip\xc8\v1.21\sources\common\atan.c estimated size: 468

IMU_Main.c
		_main          		CODE           	1038	0000	756

IMU_Main.c estimated size: 756

C:\Program Files (x86)\Microchip\xc8\v1.21\sources\common\ftneg.c
		___ftneg       		CODE           	259C	0000	38

C:\Program Files (x86)\Microchip\xc8\v1.21\sources\common\ftneg.c estimated size: 38

C:\Program Files (x86)\Microchip\xc8\v1.21\sources\pic18\plib\USART\u1write.c
		_Write1USART   		CODE           	25F6	0000	16

C:\Program Files (x86)\Microchip\xc8\v1.21\sources\pic18\plib\USART\u1write.c estimated size: 16

C:\Program Files (x86)\Microchip\xc8\v1.21\sources\common\awtoft.c
		___awtoft      		CODE           	23F4	0000	68

C:\Program Files (x86)\Microchip\xc8\v1.21\sources\common\awtoft.c estimated size: 68

C:\Program Files (x86)\Microchip\xc8\v1.21\sources\common\ftmul.c
		___ftmul       		CODE           	1842	0000	284

C:\Program Files (x86)\Microchip\xc8\v1.21\sources\common\ftmul.c estimated size: 284

C:\Program Files (x86)\Microchip\xc8\v1.21\sources\common\fttol.c
		___fttol       		CODE           	1A68	0000	258

C:\Program Files (x86)\Microchip\xc8\v1.21\sources\common\fttol.c estimated size: 258

Tomcat_driver.c
		_Tomcat_Setup  		CODE           	24F0	0000	56

Tomcat_driver.c estimated size: 56

LSM9DS0.c
		_openLSM9      		CODE           	2262	0000	88
		_gWriteByte    		CODE           	2550	0000	38
		_readLSM9_accel		CODE           	1E7C	0000	184
		_openLSM9_mag  		CODE           	213C	0000	102
		_openLSM9_gyro 		CODE           	21A2	0000	102
		_openLSM9_accel		CODE           	2310	0000	82
		_xmReadByte    		CODE           	2616	0000	16
		_xmWriteByte   		CODE           	2576	0000	38
		_gReadByte     		CODE           	2606	0000	16
		_readLSM9_mag  		CODE           	1D0C	0000	184
		_readLSM9_gyro 		CODE           	1DC4	0000	184

LSM9DS0.c estimated size: 1034

C:\Program Files (x86)\Microchip\xc8\v1.21\sources\pic18\plib\i2c\i2c1writ.c
		_WriteI2C1     		CODE           	20D0	0000	108

C:\Program Files (x86)\Microchip\xc8\v1.21\sources\pic18\plib\i2c\i2c1writ.c estimated size: 108

C:\Program Files (x86)\Microchip\xc8\v1.21\sources\common\fabs.c
		_fabs          		CODE           	2438	0000	66

C:\Program Files (x86)\Microchip\xc8\v1.21\sources\common\fabs.c estimated size: 66

C:\Program Files (x86)\Microchip\xc8\v1.21\sources\pic18\asftmul.c
		___asftmul     		CODE           	247A	0000	60

C:\Program Files (x86)\Microchip\xc8\v1.21\sources\pic18\asftmul.c estimated size: 60

C:\Program Files (x86)\Microchip\xc8\v1.21\sources\common\awmod.c
		___awmod       		CODE           	2054	0000	124

C:\Program Files (x86)\Microchip\xc8\v1.21\sources\common\awmod.c estimated size: 124

C:\Program Files (x86)\Microchip\xc8\v1.21\sources\pic18\plib\i2c\i2c1read.c
		_ReadI2C1      		CODE           	25C2	0000	28

C:\Program Files (x86)\Microchip\xc8\v1.21\sources\pic18\plib\i2c\i2c1read.c estimated size: 28

C:\Program Files (x86)\Microchip\xc8\v1.21\sources\common\lwmod.c
		___lwmod       		CODE           	23AE	0000	70

C:\Program Files (x86)\Microchip\xc8\v1.21\sources\common\lwmod.c estimated size: 70

C:\Program Files (x86)\Microchip\xc8\v1.21\sources\common\awdiv.c
		___awdiv       		CODE           	1F34	0000	144

C:\Program Files (x86)\Microchip\xc8\v1.21\sources\common\awdiv.c estimated size: 144

C:\Program Files (x86)\Microchip\xc8\v1.21\sources\common\ftadd.c
		___ftadd       		CODE           	1500	0000	460

C:\Program Files (x86)\Microchip\xc8\v1.21\sources\common\ftadd.c estimated size: 460

