Microchip MPLAB XC8 Compiler V1.21 ()

Linker command line:

--edf=C:\Program Files (x86)\Microchip\xc8\v1.21\dat\en_msgs.txt -cs \
  -h+dist/default/production\Tomcat_v.X.production.sym \
  --cmf=dist/default/production\Tomcat_v.X.production.cmf -z -Q18F46K22 \
  -oC:\Users\Mathew\AppData\Local\Temp\s6g8.6 \
  -Mdist/default/production/Tomcat_v.X.production.map -E1 -ver=XC8 \
  -ACODE=00h-0FFFFh -ACONST=00h-0FFFFh -ASMALLCONST=01000h-010FFhx240 \
  -AMEDIUMCONST=01000h-0FFFFh -ACOMRAM=01h-05Fh -AABS1=00h-0F37h \
  -ABIGRAM=01h-0F37h -ARAM=060h-0FFh,0100h-01FFhx14,0F00h-0F37h \
  -ABANK0=060h-0FFh -ABANK1=0100h-01FFh -ABANK2=0200h-02FFh \
  -ABANK3=0300h-03FFh -ABANK4=0400h-04FFh -ABANK5=0500h-05FFh \
  -ABANK6=0600h-06FFh -ABANK7=0700h-07FFh -ABANK8=0800h-08FFh \
  -ABANK9=0900h-09FFh -ABANK10=0A00h-0AFFh -ABANK11=0B00h-0BFFh \
  -ABANK12=0C00h-0CFFh -ABANK13=0D00h-0DFFh -ABANK14=0E00h-0EFFh \
  -ABANK15=0F00h-0F37h -ASFR=0F38h-0F5Fh,0F60h-0FFFh \
  -preset_vec=00h,intcode=08h,intcodelo,powerup,init,end_init \
  -pramtop=01000h -psmallconst=SMALLCONST -pmediumconst=MEDIUMCONST \
  -pconst=CONST -AFARRAM=00h-00h -ACONFIG=0300000h-030000Dh -pconfig=CONFIG \
  -AIDLOC=0200000h-0200007h -pidloc=IDLOC -AEEDATA=0F00000h-0F003FFh \
  -peeprom_data=EEDATA \
  -prdata=COMRAM,nvrram=COMRAM,nvbit=COMRAM,rbss=COMRAM,rbit=COMRAM \
  -pfarbss=FARRAM,fardata=FARRAM,nvFARRAM=FARRAM \
  -pintsave_regs=BIGRAM,bigbss=BIGRAM,bigdata=BIGRAM -pbss=RAM \
  -pidata=CODE,irdata=CODE,ibigdata=CODE,ifardata=CODE \
  C:\Users\Mathew\AppData\Local\Temp\s6g8.obj \
  dist/default/production\Tomcat_v.X.production.obj 

Object code version is 3.11

Machine type is 18F46K22

Call graph: (short form)




                Name                               Link     Load   Length Selector   Space Scale
C:\Users\Mathew\AppData\Local\Temp\s6g8.obj
                end_init                            118      118        4        4       0
                reset_vec                             0        0        4        0       0
                idloc                            200000   200000        8   200000       0
                config                           300000   300000        E   300000       0
dist/default/production\Tomcat_v.X.production.obj
                intcode                               8        8      110        4       0
                text22                              70C      70C       10        4       0
                text21                              668      668       22        4       0
                text20                              646      646       22        4       0
                text18                              384      384       6C        4       0
                text17                              68A      68A       1C        4       0
                text16                              4BC      4BC       5A        4       0
                text15                              6FC      6FC       10        4       0
                text14                              6EC      6EC       10        4       0
                text13                              620      620       26        4       0
                text12                              516      516       52        4       0
                text11                              5FA      5FA       26        4       0
                text10                              456      456       66        4       0
                text9                               3F0      3F0       66        4       0
                text8                               5B4      5B4       46        4       0
                text7                               6BE      6BE       18        4       0
                text6                               568      568       4C        4       0
                text5                               316      316       6E        4       0
                text4                               2A8      2A8       6E        4       0
                text3                               1B8      1B8       7C        4       0
                text2                               234      234       74        4       0
                text1                               11C      11C       9C        4       0
                cstackCOMRAM                          1        1       24        1       1
                bssCOMRAM                            25       25       16        1       1
                bitbssCOMRAM                        1D8       3B        8        1       1     8
                cinit                               6A6      6A6       18        4       0
                text0                               6D6      6D6       16        4       0

TOTAL           Name                               Link     Load   Length     Space
        CLASS   CODE           
                end_init                            118      118        4         0
                intcode                               8        8      110         0
                reset_vec                             0        0        4         0
                text22                              70C      70C       10         0
                text21                              668      668       22         0
                text20                              646      646       22         0
                text18                              384      384       6C         0
                text17                              68A      68A       1C         0
                text16                              4BC      4BC       5A         0
                text15                              6FC      6FC       10         0
                text14                              6EC      6EC       10         0
                text13                              620      620       26         0
                text12                              516      516       52         0
                text11                              5FA      5FA       26         0
                text10                              456      456       66         0
                text9                               3F0      3F0       66         0
                text8                               5B4      5B4       46         0
                text7                               6BE      6BE       18         0
                text6                               568      568       4C         0
                text5                               316      316       6E         0
                text4                               2A8      2A8       6E         0
                text3                               1B8      1B8       7C         0
                text2                               234      234       74         0
                text1                               11C      11C       9C         0
                cinit                               6A6      6A6       18         0
                text0                               6D6      6D6       16         0

        CLASS   CONST          

        CLASS   SMALLCONST     

        CLASS   MEDIUMCONST    

        CLASS   COMRAM         
                cstackCOMRAM                          1        1       24         1
                bssCOMRAM                            25       25       16         1
                bitbssCOMRAM                        1D8       3B        8         1

        CLASS   ABS1           

        CLASS   BIGRAM         

        CLASS   RAM            

        CLASS   BANK0          

        CLASS   BANK1          

        CLASS   BANK2          

        CLASS   BANK3          

        CLASS   BANK4          

        CLASS   BANK5          

        CLASS   BANK6          

        CLASS   BANK7          

        CLASS   BANK8          

        CLASS   BANK9          

        CLASS   BANK10         

        CLASS   BANK11         

        CLASS   BANK12         

        CLASS   BANK13         

        CLASS   BANK14         

        CLASS   BANK15         

        CLASS   SFR            

        CLASS   FARRAM         

        CLASS   CONFIG         
                config                           300000   300000        E         0

        CLASS   IDLOC          
                idloc                            200000   200000        8         0

        CLASS   EEDATA         



SEGMENTS        Name                           Load    Length   Top    Selector   Space  Class

                reset_vec                      000000  000004  000004         0       0  CODE    
                cstackCOMRAM                   000001  00003B  00003C         1       1  COMRAM  
                intcode                        000008  000714  00071C         4       0  CODE    
                idloc                          200000  000008  200008    200000       0  IDLOC   
                config                         300000  00000E  30000E    300000       0  CONFIG  


UNUSED ADDRESS RANGES

        Name                Unused          Largest block    Delta
        BANK0            000060-0000FF               A0
        BANK1            000100-0001FF              100
        BANK10           000A00-000AFF              100
        BANK11           000B00-000BFF              100
        BANK12           000C00-000CFF              100
        BANK13           000D00-000DFF              100
        BANK14           000E00-000EFF              100
        BANK15           000F00-000F37               38
        BANK2            000200-0002FF              100
        BANK3            000300-0003FF              100
        BANK4            000400-0004FF              100
        BANK5            000500-0005FF              100
        BANK6            000600-0006FF              100
        BANK7            000700-0007FF              100
        BANK8            000800-0008FF              100
        BANK9            000900-0009FF              100
        BIGRAM           00003C-000F37              EFC
        CODE             000004-000007                4
                         00071C-00FFFF             F8E4
        COMRAM           00003C-00005F               24
        CONST            000004-000007                4
                         00071C-00FFFF             F8E4
        EEDATA           F00000-F003FF              400
        MEDIUMCONST      001000-00FFFF             F000
        RAM              000060-000F37              100
        SFR              000F38-000FFF               28
        SMALLCONST       001000-00FFFF              100

                                  Symbol Table

?_I2CReadByte             cstackCOMRAM 000015
?_Open1USART              cstackCOMRAM 000013
?_OpenEPWM1               cstackCOMRAM 000013
?_OpenEPWM2               cstackCOMRAM 000013
?_OpenEPWM3               cstackCOMRAM 000013
?_OpenI2C1                cstackCOMRAM 000013
?_OpenPWM4                cstackCOMRAM 000013
?_Tomcat_TX_error         cstackCOMRAM 000002
?_Tomcat_TX_warn          cstackCOMRAM 000002
?_Write1USART             cstackCOMRAM 000001
?_WriteI2C1               cstackCOMRAM 000013
?_gReadByte               cstackCOMRAM 000019
?_gWriteByte              cstackCOMRAM 000015
?_openLSM9                cstackCOMRAM 00001A
?_xmReadByte              cstackCOMRAM 000019
?_xmWriteByte             cstackCOMRAM 000015
I2CReadByte@_temp         cstackCOMRAM 000018
I2CReadByte@add           cstackCOMRAM 000015
I2CReadByte@subadd        cstackCOMRAM 000016
Open1USART@config         cstackCOMRAM 000013
Open1USART@spbrg          cstackCOMRAM 000014
OpenEPWM1@period          cstackCOMRAM 000013
OpenEPWM1@timer_source    cstackCOMRAM 000014
OpenEPWM2@period          cstackCOMRAM 000013
OpenEPWM2@timer_source    cstackCOMRAM 000014
OpenEPWM3@period          cstackCOMRAM 000013
OpenEPWM3@timer_source    cstackCOMRAM 000014
OpenI2C1@slew             cstackCOMRAM 000014
OpenI2C1@sync_mode        cstackCOMRAM 000013
OpenPWM4@period           cstackCOMRAM 000013
OpenPWM4@timer_source     cstackCOMRAM 000014
Tomcat_TX_error@code      cstackCOMRAM 000002
Tomcat_TX_warn@code       cstackCOMRAM 000002
Write1USART@data          cstackCOMRAM 000001
WriteI2C1@data_out        cstackCOMRAM 000013
_ANSELC                   (abs)        000F3A
_CCP1CON                  (abs)        000FBD
_CCP2CON                  (abs)        000F66
_CCP3CON                  (abs)        000F5D
_CCP4CON                  (abs)        000F57
_CCPR1L                   (abs)        000FBE
_CCPR2L                   (abs)        000F67
_CCPR3L                   (abs)        000F5E
_CCPR4L                   (abs)        000F58
_CCPTMRS0                 (abs)        000F49
_CCPTMRS1                 (abs)        000F48
_I2CReadByte              text16       0004BC
_INTCON3bits              (abs)        000FF0
_INTCONbits               (abs)        000FF2
_LATCbits                 (abs)        000F8B
_Leak1_flag               bitbssCOMRAM 0001D8
_Leak2_flag               bitbssCOMRAM 0001D9
_Open1USART               text6        000568
_OpenEPWM1                text5        000316
_OpenEPWM2                text4        0002A8
_OpenEPWM3                text3        0001B8
_OpenI2C1                 text7        0006BE
_OpenPWM4                 text2        000234
_PIE1bits                 (abs)        000F9D
_PIR1bits                 (abs)        000F9E
_PIR2bits                 (abs)        000FA1
_PIR3bits                 (abs)        000FA4
_PR2                      (abs)        000FBB
_PR4                      (abs)        000F52
_PR6                      (abs)        000F4B
_RCSTA1                   (abs)        000FAB
_RCSTA1bits               (abs)        000FAB
_ReadI2C1                 text17       00068A
_SPBRG1                   (abs)        000FAF
_SPBRGH1                  (abs)        000FB0
_SSP1ADD                  (abs)        000FC8
_SSP1BUF                  (abs)        000FC9
_SSP1CON1                 (abs)        000FC6
_SSP1CON1bits             (abs)        000FC6
_SSP1CON2                 (abs)        000FC5
_SSP1CON2bits             (abs)        000FC5
_SSP1STAT                 (abs)        000FC7
_SSP1STATbits             (abs)        000FC7
_T2CONbits                (abs)        000FBA
_T4CONbits                (abs)        000F51
_T6CONbits                (abs)        000F4A
_TMR0                     (abs)        000FD6
_TMR1                     (abs)        000FCE
_TMR2                     (abs)        000FBC
_TRISBbits                (abs)        000F93
_TXREG1                   (abs)        000FAD
_TXSTA1                   (abs)        000FAC
_TXSTA1bits               (abs)        000FAC
_Tomcat_Setup             text1        00011C
_Tomcat_TX_error          text20       000646
_Tomcat_TX_warn           text21       000668
_USART1_Status            bssCOMRAM    00002B
_Write1USART              text22       00070C
_WriteI2C1                text18       000384
__CFG_BOREN$OFF           (abs)        000000
__CFG_BORV$190            (abs)        000000
__CFG_CCP2MX$PORTC1       (abs)        000000
__CFG_CCP3MX$PORTB5       (abs)        000000
__CFG_CP0$OFF             (abs)        000000
__CFG_CP1$OFF             (abs)        000000
__CFG_CP2$OFF             (abs)        000000
__CFG_CP3$OFF             (abs)        000000
__CFG_CPB$OFF             (abs)        000000
__CFG_CPD$OFF             (abs)        000000
__CFG_EBTR0$OFF           (abs)        000000
__CFG_EBTR1$OFF           (abs)        000000
__CFG_EBTR2$OFF           (abs)        000000
__CFG_EBTR3$OFF           (abs)        000000
__CFG_EBTRB$OFF           (abs)        000000
__CFG_FCMEN$OFF           (abs)        000000
__CFG_FOSC$HSHP           (abs)        000000
__CFG_HFOFST$ON           (abs)        000000
__CFG_IESO$OFF            (abs)        000000
__CFG_LVP$OFF             (abs)        000000
__CFG_MCLRE$EXTMCLR       (abs)        000000
__CFG_P2BMX$PORTD2        (abs)        000000
__CFG_PBADEN$ON           (abs)        000000
__CFG_PLLCFG$OFF          (abs)        000000
__CFG_PRICLKEN$ON         (abs)        000000
__CFG_PWRTEN$OFF          (abs)        000000
__CFG_STVREN$OFF          (abs)        000000
__CFG_T3CMX$PORTC0        (abs)        000000
__CFG_WDTEN$OFF           (abs)        000000
__CFG_WDTPS$32768         (abs)        000000
__CFG_WRT0$OFF            (abs)        000000
__CFG_WRT1$OFF            (abs)        000000
__CFG_WRT2$OFF            (abs)        000000
__CFG_WRT3$OFF            (abs)        000000
__CFG_WRTB$OFF            (abs)        000000
__CFG_WRTC$OFF            (abs)        000000
__CFG_WRTD$OFF            (abs)        000000
__CFG_XINST$OFF           (abs)        000000
__HRAM                    (abs)        000000
__Habs1                   abs1         000000
__Hbank0                  bank0        000000
__Hbank1                  bank1        000000
__Hbank10                 bank10       000000
__Hbank11                 bank11       000000
__Hbank12                 bank12       000000
__Hbank13                 bank13       000000
__Hbank14                 bank14       000000
__Hbank15                 bank15       000000
__Hbank2                  bank2        000000
__Hbank3                  bank3        000000
__Hbank4                  bank4        000000
__Hbank5                  bank5        000000
__Hbank6                  bank6        000000
__Hbank7                  bank7        000000
__Hbank8                  bank8        000000
__Hbank9                  bank9        000000
__Hbigbss                 bigbss       000000
__Hbigdata                bigdata      000000
__Hbigram                 bigram       000000
__HbitbssCOMRAM           bitbssCOMRAM 000000
__Hbss                    bss          000000
__HbssCOMRAM              bssCOMRAM    000000
__Hcinit                  cinit        000000
__Hclrtext                clrtext      000000
__Hcomram                 comram       000000
__Hconfig                 config       30000E
__Hconst                  const        000000
__HcstackCOMRAM           cstackCOMRAM 000000
__Hdata                   data         000000
__Heeprom_data            eeprom_data  000000
__Hend_init               end_init     00011C
__Hfarbss                 farbss       000000
__Hfardata                fardata      000000
__Hibigdata               ibigdata     000000
__Hidata                  idata        000000
__Hidloc                  idloc        200008
__Hifardata               ifardata     000000
__Hinit                   init         000118
__Hintcode                intcode      000118
__Hintcode_body           intcode_body 000000
__Hintcodelo              intcodelo    000118
__Hintentry               intentry     000000
__Hintret                 intret       000000
__Hintsave_regs           intsave_regs 000000
__Hirdata                 irdata       000000
__Hmediumconst            mediumconst  000000
__HnvFARRAM               nvFARRAM     000000
__Hnvbit                  nvbit        000000
__Hnvrram                 nvrram       000000
__Hparam                  rparam       000000
__Hpowerup                powerup      000118
__Hram                    ram          000000
__Hramtop                 ramtop       001000
__Hrbit                   rbit         000000
__Hrbss                   rbss         000000
__Hrdata                  rdata        000000
__Hreset_vec              reset_vec    000004
__Hrparam                 rparam       000000
__Hsfr                    sfr          000000
__Hsmallconst             smallconst   000000
__Hstruct                 struct       000000
__Htemp                   temp         000000
__Htext                   text         000000
__Htext0                  text0        000000
__Htext1                  text1        000000
__Htext10                 text10       000000
__Htext11                 text11       000000
__Htext12                 text12       000000
__Htext13                 text13       000000
__Htext14                 text14       000000
__Htext15                 text15       000000
__Htext16                 text16       000000
__Htext17                 text17       000000
__Htext18                 text18       000000
__Htext2                  text2        000000
__Htext20                 text20       000000
__Htext21                 text21       000000
__Htext22                 text22       000000
__Htext3                  text3        000000
__Htext4                  text4        000000
__Htext5                  text5        000000
__Htext6                  text6        000000
__Htext7                  text7        000000
__Htext8                  text8        000000
__Htext9                  text9        000000
__LRAM                    (abs)        000001
__Labs1                   abs1         000000
__Lbank0                  bank0        000000
__Lbank1                  bank1        000000
__Lbank10                 bank10       000000
__Lbank11                 bank11       000000
__Lbank12                 bank12       000000
__Lbank13                 bank13       000000
__Lbank14                 bank14       000000
__Lbank15                 bank15       000000
__Lbank2                  bank2        000000
__Lbank3                  bank3        000000
__Lbank4                  bank4        000000
__Lbank5                  bank5        000000
__Lbank6                  bank6        000000
__Lbank7                  bank7        000000
__Lbank8                  bank8        000000
__Lbank9                  bank9        000000
__Lbigbss                 bigbss       000000
__Lbigdata                bigdata      000000
__Lbigram                 bigram       000000
__LbitbssCOMRAM           bitbssCOMRAM 000000
__Lbss                    bss          000000
__LbssCOMRAM              bssCOMRAM    000000
__Lcinit                  cinit        000000
__Lclrtext                clrtext      000000
__Lcomram                 comram       000000
__Lconfig                 config       300000
__Lconst                  const        000000
__LcstackCOMRAM           cstackCOMRAM 000000
__Ldata                   data         000000
__Leeprom_data            eeprom_data  000000
__Lend_init               end_init     000118
__Lfarbss                 farbss       000000
__Lfardata                fardata      000000
__Libigdata               ibigdata     000000
__Lidata                  idata        000000
__Lidloc                  idloc        200000
__Lifardata               ifardata     000000
__Linit                   init         000118
__Lintcode                intcode      000008
__Lintcode_body           intcode_body 000000
__Lintcodelo              intcodelo    000118
__Lintentry               intentry     000000
__Lintret                 intret       000000
__Lintsave_regs           intsave_regs 000000
__Lirdata                 irdata       000000
__Lmediumconst            mediumconst  000000
__LnvFARRAM               nvFARRAM     000000
__Lnvbit                  nvbit        000000
__Lnvrram                 nvrram       000000
__Lparam                  rparam       000000
__Lpowerup                powerup      000118
__Lram                    ram          000000
__Lramtop                 ramtop       001000
__Lrbit                   rbit         000000
__Lrbss                   rbss         000000
__Lrdata                  rdata        000000
__Lreset_vec              reset_vec    000000
__Lrparam                 rparam       000000
__Lsfr                    sfr          000000
__Lsmallconst             smallconst   000000
__Lstruct                 struct       000000
__Ltemp                   temp         000000
__Ltext                   text         000000
__Ltext0                  text0        000000
__Ltext1                  text1        000000
__Ltext10                 text10       000000
__Ltext11                 text11       000000
__Ltext12                 text12       000000
__Ltext13                 text13       000000
__Ltext14                 text14       000000
__Ltext15                 text15       000000
__Ltext16                 text16       000000
__Ltext17                 text17       000000
__Ltext18                 text18       000000
__Ltext2                  text2        000000
__Ltext20                 text20       000000
__Ltext21                 text21       000000
__Ltext22                 text22       000000
__Ltext3                  text3        000000
__Ltext4                  text4        000000
__Ltext5                  text5        000000
__Ltext6                  text6        000000
__Ltext7                  text7        000000
__Ltext8                  text8        000000
__Ltext9                  text9        000000
__S0                      (abs)        30000E
__S1                      (abs)        00003C
__accesstop               (abs)        000060
__activetblptr            (abs)        000002
__end_of_I2CReadByte      text16       000516
__end_of_Open1USART       text6        0005B4
__end_of_OpenEPWM1        text5        000384
__end_of_OpenEPWM2        text4        000316
__end_of_OpenEPWM3        text3        000234
__end_of_OpenI2C1         text7        0006D6
__end_of_OpenPWM4         text2        0002A8
__end_of_ReadI2C1         text17       0006A6
__end_of_Tomcat_Setup     text1        0001B8
__end_of_Tomcat_TX_error  text20       000668
__end_of_Tomcat_TX_warn   text21       00068A
__end_of_Write1USART      text22       00071C
__end_of_WriteI2C1        text18       0003F0
__end_of__initialization  cinit        0006B4
__end_of_gReadByte        text14       0006FC
__end_of_gWriteByte       text11       000620
__end_of_isr              intcode      000118
__end_of_main             text0        0006EC
__end_of_openLSM9         text8        0005FA
__end_of_openLSM9_accel   text12       000568
__end_of_openLSM9_gyro    text10       0004BC
__end_of_openLSM9_mag     text9        000456
__end_of_xmReadByte       text15       00070C
__end_of_xmWriteByte      text13       000646
__gaddress                bssCOMRAM    00002C
__initialization          cinit        0006A6
__mediumconst             mediumconst  000000
__pbitbssCOMRAM           bitbssCOMRAM 0001D8
__pbssCOMRAM              bssCOMRAM    000025
__pcinit                  cinit        0006A6
__pcstackCOMRAM           cstackCOMRAM 000001
__pintcode                intcode      000008
__ptext0                  text0        0006D6
__ptext1                  text1        00011C
__ptext10                 text10       000456
__ptext11                 text11       0005FA
__ptext12                 text12       000516
__ptext13                 text13       000620
__ptext14                 text14       0006EC
__ptext15                 text15       0006FC
__ptext16                 text16       0004BC
__ptext17                 text17       00068A
__ptext18                 text18       000384
__ptext2                  text2        000234
__ptext20                 text20       000646
__ptext21                 text21       000668
__ptext22                 text22       00070C
__ptext3                  text3        0001B8
__ptext4                  text4        0002A8
__ptext5                  text5        000316
__ptext6                  text6        000568
__ptext7                  text7        0006BE
__ptext8                  text8        0005B4
__ptext9                  text9        0003F0
__ramtop                  ramtop       001000
__size_of_I2CReadByte     (abs)        000000
__size_of_Open1USART      (abs)        000000
__size_of_OpenEPWM1       (abs)        000000
__size_of_OpenEPWM2       (abs)        000000
__size_of_OpenEPWM3       (abs)        000000
__size_of_OpenI2C1        (abs)        000000
__size_of_OpenPWM4        (abs)        000000
__size_of_ReadI2C1        (abs)        000000
__size_of_Tomcat_Setup    (abs)        000000
__size_of_Tomcat_TX_error (abs)        000000
__size_of_Tomcat_TX_warn  (abs)        000000
__size_of_Write1USART     (abs)        000000
__size_of_WriteI2C1       (abs)        000000
__size_of_gReadByte       (abs)        000000
__size_of_gWriteByte      (abs)        000000
__size_of_isr             (abs)        000000
__size_of_main            (abs)        000000
__size_of_openLSM9        (abs)        000000
__size_of_openLSM9_accel  (abs)        000000
__size_of_openLSM9_gyro   (abs)        000000
__size_of_openLSM9_mag    (abs)        000000
__size_of_xmReadByte      (abs)        000000
__size_of_xmWriteByte     (abs)        000000
__smallconst              smallconst   000000
__xmaddress               bssCOMRAM    00002D
_accel                    bssCOMRAM    00002F
_gReadByte                text14       0006EC
_gWriteByte               text11       0005FA
_gyro                     bssCOMRAM    000025
_isr                      intcode      000008
_mag                      bssCOMRAM    000035
_main                     text0        0006D6
_openLSM9                 text8        0005B4
_openLSM9_accel           text12       000516
_openLSM9_gyro            text10       000456
_openLSM9_mag             text9        0003F0
_rx1_flag                 bitbssCOMRAM 0001DA
_rx2_flag                 bitbssCOMRAM 0001DB
_time                     bssCOMRAM    00002E
_tmr0_flag                bitbssCOMRAM 0001DC
_tmr1_flag                bitbssCOMRAM 0001DD
_tmr2_flag                bitbssCOMRAM 0001DE
_tmr3_flag                bitbssCOMRAM 0001DF
_xmReadByte               text15       0006FC
_xmWriteByte              text13       000620
end_of_initialization     cinit        0006B4
gReadByte@subadd          cstackCOMRAM 000019
gWriteByte@data           cstackCOMRAM 000016
gWriteByte@subadd         cstackCOMRAM 000015
intlevel0                 text         000000
intlevel1                 text         000000
intlevel2                 text         000000
intlevel3                 text         000000
main@a                    cstackCOMRAM 000021
main@hdg                  cstackCOMRAM 000023
openLSM9@_gadd            cstackCOMRAM 00001B
openLSM9@_xmadd           cstackCOMRAM 00001A
openLSM9@gtest            cstackCOMRAM 00001D
openLSM9@xmtest           cstackCOMRAM 00001E
start                     init         000118
start_initialization      cinit        0006A6
xmReadByte@subadd         cstackCOMRAM 000019
xmWriteByte@data          cstackCOMRAM 000016
xmWriteByte@subadd        cstackCOMRAM 000015


FUNCTION INFORMATION:

 *************** function _main *****************
 Defined at:
		line 53 in file "Tom_V_Main.c"
 Parameters:    Size  Location     Type
		None
 Auto vars:     Size  Location     Type
  buff           30    0        unsigned char [30]
  hdg             2   34[COMRAM] int 
  a               2   32[COMRAM] int 
 Return value:  Size  Location     Type
		None               void
 Registers used:
		wreg, fsr0l, fsr0h, fsr1l, fsr1h, fsr1l, fsr1h, fsr2l, fsr2h, status,2, status,0, pclat, btemp, btemp+1, btemp+2, btemp+3, btemp+4, btemp+5, btemp+6, btemp+7, tosl, structret, tblptrl, tblptrh, tblptru, prodl, prodh, bsr, cstack
 Tracked objects:
		On entry : 
		On exit  : 
		Unchanged: 
 Data sizes:     COMRAM   BANK0   BANK1   BANK2   BANK3   BANK4   BANK5   BANK6   BANK7   BANK8   BANK9  BANK10  BANK11  BANK12  BANK13  BANK14  BANK15
      Params:         0       0       0       0       0       0       0       0       0       0       0       0       0       0       0       0       0
      Locals:         4       0       0       0       0       0       0       0       0       0       0       0       0       0       0       0       0
      Temps:          0       0       0       0       0       0       0       0       0       0       0       0       0       0       0       0       0
      Totals:         4       0       0       0       0       0       0       0       0       0       0       0       0       0       0       0       0
Total ram usage:        4 bytes
 Hardware stack levels required when called:    8
 This function calls:
		_Tomcat_Setup
 This function is called by:
		Startup code after reset
 This function uses a non-reentrant model


 *************** function _Tomcat_Setup *****************
 Defined at:
		line 8 in file "Tomcat_driver.c"
 Parameters:    Size  Location     Type
		None
 Auto vars:     Size  Location     Type
		None
 Return value:  Size  Location     Type
		None               void
 Registers used:
		wreg, fsr0l, fsr0h, fsr1l, fsr1h, fsr1l, fsr1h, fsr2l, fsr2h, status,2, status,0, pclat, btemp, btemp+1, btemp+2, btemp+3, btemp+4, btemp+5, btemp+6, btemp+7, tosl, structret, tblptrl, tblptrh, tblptru, prodl, prodh, bsr, cstack
 Tracked objects:
		On entry : 
		On exit  : 
		Unchanged: 
 Data sizes:     COMRAM   BANK0   BANK1   BANK2   BANK3   BANK4   BANK5   BANK6   BANK7   BANK8   BANK9  BANK10  BANK11  BANK12  BANK13  BANK14  BANK15
      Params:         0       0       0       0       0       0       0       0       0       0       0       0       0       0       0       0       0
      Locals:         0       0       0       0       0       0       0       0       0       0       0       0       0       0       0       0       0
      Temps:          2       0       0       0       0       0       0       0       0       0       0       0       0       0       0       0       0
      Totals:         2       0       0       0       0       0       0       0       0       0       0       0       0       0       0       0       0
Total ram usage:        2 bytes
 Hardware stack levels used:    1
 Hardware stack levels required when called:    7
 This function calls:
		_openLSM9
		_OpenI2C1
		_Open1USART
		_OpenEPWM1
		_OpenEPWM2
		_OpenEPWM3
		_OpenPWM4
 This function is called by:
		_main
 This function uses a non-reentrant model


 *************** function _OpenPWM4 *****************
 Defined at:
		line 100 in file "C:\Program Files (x86)\Microchip\xc8\v1.21\sources\pic18\plib\PWM\pw4open.c"
 Parameters:    Size  Location     Type
  period          1   18[COMRAM] unsigned char 
  timer_source    1   19[COMRAM] unsigned char 
 Auto vars:     Size  Location     Type
		None
 Return value:  Size  Location     Type
		None               void
 Registers used:
		wreg, status,2, status,0
 Tracked objects:
		On entry : 
		On exit  : 
		Unchanged: 
 Data sizes:     COMRAM   BANK0   BANK1   BANK2   BANK3   BANK4   BANK5   BANK6   BANK7   BANK8   BANK9  BANK10  BANK11  BANK12  BANK13  BANK14  BANK15
      Params:         2       0       0       0       0       0       0       0       0       0       0       0       0       0       0       0       0
      Locals:         0       0       0       0       0       0       0       0       0       0       0       0       0       0       0       0       0
      Temps:          1       0       0       0       0       0       0       0       0       0       0       0       0       0       0       0       0
      Totals:         3       0       0       0       0       0       0       0       0       0       0       0       0       0       0       0       0
Total ram usage:        3 bytes
 Hardware stack levels used:    1
 Hardware stack levels required when called:    3
 This function calls:
		Nothing
 This function is called by:
		_Tomcat_Setup
 This function uses a non-reentrant model


 *************** function _OpenEPWM3 *****************
 Defined at:
		line 55 in file "C:\Program Files (x86)\Microchip\xc8\v1.21\sources\pic18\plib\PWM\ew3open.c"
 Parameters:    Size  Location     Type
  period          1   18[COMRAM] unsigned char 
  timer_source    1   19[COMRAM] unsigned char 
 Auto vars:     Size  Location     Type
		None
 Return value:  Size  Location     Type
		None               void
 Registers used:
		wreg, status,2, status,0
 Tracked objects:
		On entry : 
		On exit  : 
		Unchanged: 
 Data sizes:     COMRAM   BANK0   BANK1   BANK2   BANK3   BANK4   BANK5   BANK6   BANK7   BANK8   BANK9  BANK10  BANK11  BANK12  BANK13  BANK14  BANK15
      Params:         2       0       0       0       0       0       0       0       0       0       0       0       0       0       0       0       0
      Locals:         0       0       0       0       0       0       0       0       0       0       0       0       0       0       0       0       0
      Temps:          1       0       0       0       0       0       0       0       0       0       0       0       0       0       0       0       0
      Totals:         3       0       0       0       0       0       0       0       0       0       0       0       0       0       0       0       0
Total ram usage:        3 bytes
 Hardware stack levels used:    1
 Hardware stack levels required when called:    3
 This function calls:
		Nothing
 This function is called by:
		_Tomcat_Setup
 This function uses a non-reentrant model


 *************** function _OpenEPWM2 *****************
 Defined at:
		line 70 in file "C:\Program Files (x86)\Microchip\xc8\v1.21\sources\pic18\plib\PWM\ew2open.c"
 Parameters:    Size  Location     Type
  period          1   18[COMRAM] unsigned char 
  timer_source    1   19[COMRAM] unsigned char 
 Auto vars:     Size  Location     Type
		None
 Return value:  Size  Location     Type
		None               void
 Registers used:
		wreg, status,2, status,0
 Tracked objects:
		On entry : 
		On exit  : 
		Unchanged: 
 Data sizes:     COMRAM   BANK0   BANK1   BANK2   BANK3   BANK4   BANK5   BANK6   BANK7   BANK8   BANK9  BANK10  BANK11  BANK12  BANK13  BANK14  BANK15
      Params:         2       0       0       0       0       0       0       0       0       0       0       0       0       0       0       0       0
      Locals:         0       0       0       0       0       0       0       0       0       0       0       0       0       0       0       0       0
      Temps:          0       0       0       0       0       0       0       0       0       0       0       0       0       0       0       0       0
      Totals:         2       0       0       0       0       0       0       0       0       0       0       0       0       0       0       0       0
Total ram usage:        2 bytes
 Hardware stack levels used:    1
 Hardware stack levels required when called:    3
 This function calls:
		Nothing
 This function is called by:
		_Tomcat_Setup
 This function uses a non-reentrant model


 *************** function _OpenEPWM1 *****************
 Defined at:
		line 131 in file "C:\Program Files (x86)\Microchip\xc8\v1.21\sources\pic18\plib\PWM\ew1open.c"
 Parameters:    Size  Location     Type
  period          1   18[COMRAM] unsigned char 
  timer_source    1   19[COMRAM] unsigned char 
 Auto vars:     Size  Location     Type
		None
 Return value:  Size  Location     Type
		None               void
 Registers used:
		wreg, status,2, status,0
 Tracked objects:
		On entry : 
		On exit  : 
		Unchanged: 
 Data sizes:     COMRAM   BANK0   BANK1   BANK2   BANK3   BANK4   BANK5   BANK6   BANK7   BANK8   BANK9  BANK10  BANK11  BANK12  BANK13  BANK14  BANK15
      Params:         2       0       0       0       0       0       0       0       0       0       0       0       0       0       0       0       0
      Locals:         0       0       0       0       0       0       0       0       0       0       0       0       0       0       0       0       0
      Temps:          1       0       0       0       0       0       0       0       0       0       0       0       0       0       0       0       0
      Totals:         3       0       0       0       0       0       0       0       0       0       0       0       0       0       0       0       0
Total ram usage:        3 bytes
 Hardware stack levels used:    1
 Hardware stack levels required when called:    3
 This function calls:
		Nothing
 This function is called by:
		_Tomcat_Setup
 This function uses a non-reentrant model


 *************** function _Open1USART *****************
 Defined at:
		line 125 in file "C:\Program Files (x86)\Microchip\xc8\v1.21\sources\pic18\plib\USART\u1open.c"
 Parameters:    Size  Location     Type
  config          1   18[COMRAM] unsigned char 
  spbrg           2   19[COMRAM] unsigned int 
 Auto vars:     Size  Location     Type
		None
 Return value:  Size  Location     Type
		None               void
 Registers used:
		wreg, status,2
 Tracked objects:
		On entry : 
		On exit  : 
		Unchanged: 
 Data sizes:     COMRAM   BANK0   BANK1   BANK2   BANK3   BANK4   BANK5   BANK6   BANK7   BANK8   BANK9  BANK10  BANK11  BANK12  BANK13  BANK14  BANK15
      Params:         3       0       0       0       0       0       0       0       0       0       0       0       0       0       0       0       0
      Locals:         0       0       0       0       0       0       0       0       0       0       0       0       0       0       0       0       0
      Temps:          0       0       0       0       0       0       0       0       0       0       0       0       0       0       0       0       0
      Totals:         3       0       0       0       0       0       0       0       0       0       0       0       0       0       0       0       0
Total ram usage:        3 bytes
 Hardware stack levels used:    1
 Hardware stack levels required when called:    3
 This function calls:
		Nothing
 This function is called by:
		_Tomcat_Setup
 This function uses a non-reentrant model


 *************** function _OpenI2C1 *****************
 Defined at:
		line 30 in file "C:\Program Files (x86)\Microchip\xc8\v1.21\sources\pic18\plib\i2c\i2c1open.c"
 Parameters:    Size  Location     Type
  sync_mode       1   18[COMRAM] unsigned char 
  slew            1   19[COMRAM] unsigned char 
 Auto vars:     Size  Location     Type
		None
 Return value:  Size  Location     Type
		None               void
 Registers used:
		wreg, status,2, status,0
 Tracked objects:
		On entry : 
		On exit  : 
		Unchanged: 
 Data sizes:     COMRAM   BANK0   BANK1   BANK2   BANK3   BANK4   BANK5   BANK6   BANK7   BANK8   BANK9  BANK10  BANK11  BANK12  BANK13  BANK14  BANK15
      Params:         2       0       0       0       0       0       0       0       0       0       0       0       0       0       0       0       0
      Locals:         0       0       0       0       0       0       0       0       0       0       0       0       0       0       0       0       0
      Temps:          0       0       0       0       0       0       0       0       0       0       0       0       0       0       0       0       0
      Totals:         2       0       0       0       0       0       0       0       0       0       0       0       0       0       0       0       0
Total ram usage:        2 bytes
 Hardware stack levels used:    1
 Hardware stack levels required when called:    3
 This function calls:
		Nothing
 This function is called by:
		_Tomcat_Setup
 This function uses a non-reentrant model


 *************** function _openLSM9 *****************
 Defined at:
		line 5 in file "LSM9DS0.c"
 Parameters:    Size  Location     Type
  _xmadd          1   25[COMRAM] unsigned char 
  _gadd           1   26[COMRAM] unsigned char 
 Auto vars:     Size  Location     Type
  xmtest          1   29[COMRAM] unsigned char 
  gtest           1   28[COMRAM] unsigned char 
 Return value:  Size  Location     Type
                  2   25[COMRAM] unsigned int 
 Registers used:
		wreg, fsr0l, fsr0h, fsr1l, fsr1h, fsr1l, fsr1h, fsr2l, fsr2h, status,2, status,0, pclat, btemp, btemp+1, btemp+2, btemp+3, btemp+4, btemp+5, btemp+6, btemp+7, tosl, structret, tblptrl, tblptrh, tblptru, prodl, prodh, bsr, cstack
 Tracked objects:
		On entry : 
		On exit  : 
		Unchanged: 
 Data sizes:     COMRAM   BANK0   BANK1   BANK2   BANK3   BANK4   BANK5   BANK6   BANK7   BANK8   BANK9  BANK10  BANK11  BANK12  BANK13  BANK14  BANK15
      Params:         2       0       0       0       0       0       0       0       0       0       0       0       0       0       0       0       0
      Locals:         2       0       0       0       0       0       0       0       0       0       0       0       0       0       0       0       0
      Temps:          1       0       0       0       0       0       0       0       0       0       0       0       0       0       0       0       0
      Totals:         5       0       0       0       0       0       0       0       0       0       0       0       0       0       0       0       0
Total ram usage:        5 bytes
 Hardware stack levels used:    1
 Hardware stack levels required when called:    6
 This function calls:
		_xmReadByte
		_gReadByte
		_openLSM9_accel
		_openLSM9_gyro
		_openLSM9_mag
 This function is called by:
		_Tomcat_Setup
 This function uses a non-reentrant model


 *************** function _openLSM9_mag *****************
 Defined at:
		line 121 in file "LSM9DS0.c"
 Parameters:    Size  Location     Type
		None
 Auto vars:     Size  Location     Type
		None
 Return value:  Size  Location     Type
		None               void
 Registers used:
		wreg, fsr0l, fsr0h, fsr1l, fsr1h, fsr1l, fsr1h, fsr2l, fsr2h, status,2, status,0, pclat, btemp, btemp+1, btemp+2, btemp+3, btemp+4, btemp+5, btemp+6, btemp+7, tosl, structret, tblptrl, tblptrh, tblptru, prodl, prodh, bsr, cstack
 Tracked objects:
		On entry : 
		On exit  : 
		Unchanged: 
 Data sizes:     COMRAM   BANK0   BANK1   BANK2   BANK3   BANK4   BANK5   BANK6   BANK7   BANK8   BANK9  BANK10  BANK11  BANK12  BANK13  BANK14  BANK15
      Params:         0       0       0       0       0       0       0       0       0       0       0       0       0       0       0       0       0
      Locals:         0       0       0       0       0       0       0       0       0       0       0       0       0       0       0       0       0
      Temps:          2       0       0       0       0       0       0       0       0       0       0       0       0       0       0       0       0
      Totals:         2       0       0       0       0       0       0       0       0       0       0       0       0       0       0       0       0
Total ram usage:        2 bytes
 Hardware stack levels used:    1
 Hardware stack levels required when called:    5
 This function calls:
		_xmWriteByte
 This function is called by:
		_openLSM9
 This function uses a non-reentrant model


 *************** function _openLSM9_gyro *****************
 Defined at:
		line 64 in file "LSM9DS0.c"
 Parameters:    Size  Location     Type
		None
 Auto vars:     Size  Location     Type
		None
 Return value:  Size  Location     Type
		None               void
 Registers used:
		wreg, fsr0l, fsr0h, fsr1l, fsr1h, fsr1l, fsr1h, fsr2l, fsr2h, status,2, status,0, pclat, btemp, btemp+1, btemp+2, btemp+3, btemp+4, btemp+5, btemp+6, btemp+7, tosl, structret, tblptrl, tblptrh, tblptru, prodl, prodh, bsr, cstack
 Tracked objects:
		On entry : 
		On exit  : 
		Unchanged: 
 Data sizes:     COMRAM   BANK0   BANK1   BANK2   BANK3   BANK4   BANK5   BANK6   BANK7   BANK8   BANK9  BANK10  BANK11  BANK12  BANK13  BANK14  BANK15
      Params:         0       0       0       0       0       0       0       0       0       0       0       0       0       0       0       0       0
      Locals:         0       0       0       0       0       0       0       0       0       0       0       0       0       0       0       0       0
      Temps:          2       0       0       0       0       0       0       0       0       0       0       0       0       0       0       0       0
      Totals:         2       0       0       0       0       0       0       0       0       0       0       0       0       0       0       0       0
Total ram usage:        2 bytes
 Hardware stack levels used:    1
 Hardware stack levels required when called:    5
 This function calls:
		_gWriteByte
 This function is called by:
		_openLSM9
 This function uses a non-reentrant model


 *************** function _gWriteByte *****************
 Defined at:
		line 242 in file "LSM9DS0.c"
 Parameters:    Size  Location     Type
  subadd          1   20[COMRAM] unsigned char 
  data            1   21[COMRAM] unsigned char 
 Auto vars:     Size  Location     Type
		None
 Return value:  Size  Location     Type
		None               void
 Registers used:
		wreg, fsr0l, fsr0h, fsr1l, fsr1h, fsr1l, fsr1h, fsr2l, fsr2h, status,2, status,0, pclat, btemp, btemp+1, btemp+2, btemp+3, btemp+4, btemp+5, btemp+6, btemp+7, tosl, structret, tblptrl, tblptrh, tblptru, prodl, prodh, bsr, cstack
 Tracked objects:
		On entry : 
		On exit  : 
		Unchanged: 
 Data sizes:     COMRAM   BANK0   BANK1   BANK2   BANK3   BANK4   BANK5   BANK6   BANK7   BANK8   BANK9  BANK10  BANK11  BANK12  BANK13  BANK14  BANK15
      Params:         2       0       0       0       0       0       0       0       0       0       0       0       0       0       0       0       0
      Locals:         0       0       0       0       0       0       0       0       0       0       0       0       0       0       0       0       0
      Temps:          0       0       0       0       0       0       0       0       0       0       0       0       0       0       0       0       0
      Totals:         2       0       0       0       0       0       0       0       0       0       0       0       0       0       0       0       0
Total ram usage:        2 bytes
 Hardware stack levels used:    1
 Hardware stack levels required when called:    4
 This function calls:
		_WriteI2C1
 This function is called by:
		_openLSM9_gyro
 This function uses a non-reentrant model


 *************** function _openLSM9_accel *****************
 Defined at:
		line 22 in file "LSM9DS0.c"
 Parameters:    Size  Location     Type
		None
 Auto vars:     Size  Location     Type
		None
 Return value:  Size  Location     Type
		None               void
 Registers used:
		wreg, fsr0l, fsr0h, fsr1l, fsr1h, fsr1l, fsr1h, fsr2l, fsr2h, status,2, status,0, pclat, btemp, btemp+1, btemp+2, btemp+3, btemp+4, btemp+5, btemp+6, btemp+7, tosl, structret, tblptrl, tblptrh, tblptru, prodl, prodh, bsr, cstack
 Tracked objects:
		On entry : 
		On exit  : 
		Unchanged: 
 Data sizes:     COMRAM   BANK0   BANK1   BANK2   BANK3   BANK4   BANK5   BANK6   BANK7   BANK8   BANK9  BANK10  BANK11  BANK12  BANK13  BANK14  BANK15
      Params:         0       0       0       0       0       0       0       0       0       0       0       0       0       0       0       0       0
      Locals:         0       0       0       0       0       0       0       0       0       0       0       0       0       0       0       0       0
      Temps:          2       0       0       0       0       0       0       0       0       0       0       0       0       0       0       0       0
      Totals:         2       0       0       0       0       0       0       0       0       0       0       0       0       0       0       0       0
Total ram usage:        2 bytes
 Hardware stack levels used:    1
 Hardware stack levels required when called:    5
 This function calls:
		_xmWriteByte
 This function is called by:
		_openLSM9
 This function uses a non-reentrant model


 *************** function _xmWriteByte *****************
 Defined at:
		line 253 in file "LSM9DS0.c"
 Parameters:    Size  Location     Type
  subadd          1   20[COMRAM] unsigned char 
  data            1   21[COMRAM] unsigned char 
 Auto vars:     Size  Location     Type
		None
 Return value:  Size  Location     Type
		None               void
 Registers used:
		wreg, fsr0l, fsr0h, fsr1l, fsr1h, fsr1l, fsr1h, fsr2l, fsr2h, status,2, status,0, pclat, btemp, btemp+1, btemp+2, btemp+3, btemp+4, btemp+5, btemp+6, btemp+7, tosl, structret, tblptrl, tblptrh, tblptru, prodl, prodh, bsr, cstack
 Tracked objects:
		On entry : 
		On exit  : 
		Unchanged: 
 Data sizes:     COMRAM   BANK0   BANK1   BANK2   BANK3   BANK4   BANK5   BANK6   BANK7   BANK8   BANK9  BANK10  BANK11  BANK12  BANK13  BANK14  BANK15
      Params:         2       0       0       0       0       0       0       0       0       0       0       0       0       0       0       0       0
      Locals:         0       0       0       0       0       0       0       0       0       0       0       0       0       0       0       0       0
      Temps:          0       0       0       0       0       0       0       0       0       0       0       0       0       0       0       0       0
      Totals:         2       0       0       0       0       0       0       0       0       0       0       0       0       0       0       0       0
Total ram usage:        2 bytes
 Hardware stack levels used:    1
 Hardware stack levels required when called:    4
 This function calls:
		_WriteI2C1
 This function is called by:
		_openLSM9_accel
		_openLSM9_mag
 This function uses a non-reentrant model


 *************** function _gReadByte *****************
 Defined at:
		line 195 in file "LSM9DS0.c"
 Parameters:    Size  Location     Type
  subadd          1   24[COMRAM] unsigned char 
 Auto vars:     Size  Location     Type
		None
 Return value:  Size  Location     Type
                  1    wreg      unsigned char 
 Registers used:
		wreg, fsr0l, fsr0h, fsr1l, fsr1h, fsr1l, fsr1h, fsr2l, fsr2h, status,2, status,0, pclat, btemp, btemp+1, btemp+2, btemp+3, btemp+4, btemp+5, btemp+6, btemp+7, tosl, structret, tblptrl, tblptrh, tblptru, prodl, prodh, bsr, cstack
 Tracked objects:
		On entry : 
		On exit  : 
		Unchanged: 
 Data sizes:     COMRAM   BANK0   BANK1   BANK2   BANK3   BANK4   BANK5   BANK6   BANK7   BANK8   BANK9  BANK10  BANK11  BANK12  BANK13  BANK14  BANK15
      Params:         1       0       0       0       0       0       0       0       0       0       0       0       0       0       0       0       0
      Locals:         0       0       0       0       0       0       0       0       0       0       0       0       0       0       0       0       0
      Temps:          0       0       0       0       0       0       0       0       0       0       0       0       0       0       0       0       0
      Totals:         1       0       0       0       0       0       0       0       0       0       0       0       0       0       0       0       0
Total ram usage:        1 bytes
 Hardware stack levels used:    1
 Hardware stack levels required when called:    5
 This function calls:
		_I2CReadByte
 This function is called by:
		_openLSM9
		_readLSM9_gyro
 This function uses a non-reentrant model


 *************** function _xmReadByte *****************
 Defined at:
		line 217 in file "LSM9DS0.c"
 Parameters:    Size  Location     Type
  subadd          1   24[COMRAM] unsigned char 
 Auto vars:     Size  Location     Type
		None
 Return value:  Size  Location     Type
                  1    wreg      unsigned char 
 Registers used:
		wreg, fsr0l, fsr0h, fsr1l, fsr1h, fsr1l, fsr1h, fsr2l, fsr2h, status,2, status,0, pclat, btemp, btemp+1, btemp+2, btemp+3, btemp+4, btemp+5, btemp+6, btemp+7, tosl, structret, tblptrl, tblptrh, tblptru, prodl, prodh, bsr, cstack
 Tracked objects:
		On entry : 
		On exit  : 
		Unchanged: 
 Data sizes:     COMRAM   BANK0   BANK1   BANK2   BANK3   BANK4   BANK5   BANK6   BANK7   BANK8   BANK9  BANK10  BANK11  BANK12  BANK13  BANK14  BANK15
      Params:         1       0       0       0       0       0       0       0       0       0       0       0       0       0       0       0       0
      Locals:         0       0       0       0       0       0       0       0       0       0       0       0       0       0       0       0       0
      Temps:          0       0       0       0       0       0       0       0       0       0       0       0       0       0       0       0       0
      Totals:         1       0       0       0       0       0       0       0       0       0       0       0       0       0       0       0       0
Total ram usage:        1 bytes
 Hardware stack levels used:    1
 Hardware stack levels required when called:    5
 This function calls:
		_I2CReadByte
 This function is called by:
		_openLSM9
		_readLSM9_accel
		_readLSM9_mag
 This function uses a non-reentrant model


 *************** function _I2CReadByte *****************
 Defined at:
		line 5 in file "I2C_mat.c"
 Parameters:    Size  Location     Type
  add             1   20[COMRAM] unsigned char 
  subadd          1   21[COMRAM] unsigned char 
 Auto vars:     Size  Location     Type
  _temp           1   23[COMRAM] unsigned char 
 Return value:  Size  Location     Type
                  1    wreg      unsigned char 
 Registers used:
		wreg, fsr0l, fsr0h, fsr1l, fsr1h, fsr1l, fsr1h, fsr2l, fsr2h, status,2, status,0, pclat, btemp, btemp+1, btemp+2, btemp+3, btemp+4, btemp+5, btemp+6, btemp+7, tosl, structret, tblptrl, tblptrh, tblptru, prodl, prodh, bsr, cstack
 Tracked objects:
		On entry : 
		On exit  : 
		Unchanged: 
 Data sizes:     COMRAM   BANK0   BANK1   BANK2   BANK3   BANK4   BANK5   BANK6   BANK7   BANK8   BANK9  BANK10  BANK11  BANK12  BANK13  BANK14  BANK15
      Params:         2       0       0       0       0       0       0       0       0       0       0       0       0       0       0       0       0
      Locals:         1       0       0       0       0       0       0       0       0       0       0       0       0       0       0       0       0
      Temps:          1       0       0       0       0       0       0       0       0       0       0       0       0       0       0       0       0
      Totals:         4       0       0       0       0       0       0       0       0       0       0       0       0       0       0       0       0
Total ram usage:        4 bytes
 Hardware stack levels used:    1
 Hardware stack levels required when called:    4
 This function calls:
		_WriteI2C1
		_ReadI2C1
 This function is called by:
		_gReadByte
		_xmReadByte
 This function uses a non-reentrant model


 *************** function _ReadI2C1 *****************
 Defined at:
		line 12 in file "C:\Program Files (x86)\Microchip\xc8\v1.21\sources\pic18\plib\i2c\i2c1read.c"
 Parameters:    Size  Location     Type
		None
 Auto vars:     Size  Location     Type
		None
 Return value:  Size  Location     Type
                  1    wreg      unsigned char 
 Registers used:
		wreg, status,2, status,0
 Tracked objects:
		On entry : 
		On exit  : 
		Unchanged: 
 Data sizes:     COMRAM   BANK0   BANK1   BANK2   BANK3   BANK4   BANK5   BANK6   BANK7   BANK8   BANK9  BANK10  BANK11  BANK12  BANK13  BANK14  BANK15
      Params:         0       0       0       0       0       0       0       0       0       0       0       0       0       0       0       0       0
      Locals:         0       0       0       0       0       0       0       0       0       0       0       0       0       0       0       0       0
      Temps:          0       0       0       0       0       0       0       0       0       0       0       0       0       0       0       0       0
      Totals:         0       0       0       0       0       0       0       0       0       0       0       0       0       0       0       0       0
Total ram usage:        0 bytes
 Hardware stack levels used:    1
 Hardware stack levels required when called:    3
 This function calls:
		Nothing
 This function is called by:
		_I2CReadByte
		_gReadBytes
 This function uses a non-reentrant model


 *************** function _WriteI2C1 *****************
 Defined at:
		line 13 in file "C:\Program Files (x86)\Microchip\xc8\v1.21\sources\pic18\plib\i2c\i2c1writ.c"
 Parameters:    Size  Location     Type
  data_out        1   18[COMRAM] unsigned char 
 Auto vars:     Size  Location     Type
		None
 Return value:  Size  Location     Type
                  1    wreg      char 
 Registers used:
		wreg, status,2, status,0
 Tracked objects:
		On entry : 
		On exit  : 
		Unchanged: 
 Data sizes:     COMRAM   BANK0   BANK1   BANK2   BANK3   BANK4   BANK5   BANK6   BANK7   BANK8   BANK9  BANK10  BANK11  BANK12  BANK13  BANK14  BANK15
      Params:         1       0       0       0       0       0       0       0       0       0       0       0       0       0       0       0       0
      Locals:         0       0       0       0       0       0       0       0       0       0       0       0       0       0       0       0       0
      Temps:          1       0       0       0       0       0       0       0       0       0       0       0       0       0       0       0       0
      Totals:         2       0       0       0       0       0       0       0       0       0       0       0       0       0       0       0       0
Total ram usage:        2 bytes
 Hardware stack levels used:    1
 Hardware stack levels required when called:    3
 This function calls:
		Nothing
 This function is called by:
		_gWriteByte
		_xmWriteByte
		_I2CReadByte
		_gReadBytes
		_xmReadBytes
		_I2CWriteByte
 This function uses a non-reentrant model


 *************** function _isr *****************
 Defined at:
		line 6 in file "Tom_V_Main.c"
 Parameters:    Size  Location     Type
		None
 Auto vars:     Size  Location     Type
		None
 Return value:  Size  Location     Type
		None               void
 Registers used:
		wreg, status,2, status,0, cstack
 Tracked objects:
		On entry : 
		On exit  : 
		Unchanged: 
 Data sizes:     COMRAM   BANK0   BANK1   BANK2   BANK3   BANK4   BANK5   BANK6   BANK7   BANK8   BANK9  BANK10  BANK11  BANK12  BANK13  BANK14  BANK15
      Params:         0       0       0       0       0       0       0       0       0       0       0       0       0       0       0       0       0
      Locals:         0       0       0       0       0       0       0       0       0       0       0       0       0       0       0       0       0
      Temps:         15       0       0       0       0       0       0       0       0       0       0       0       0       0       0       0       0
      Totals:        15       0       0       0       0       0       0       0       0       0       0       0       0       0       0       0       0
Total ram usage:       15 bytes
 Hardware stack levels used:    1
 Hardware stack levels required when called:    2
 This function calls:
		_Tomcat_TX_warn
		_Tomcat_TX_error
 This function is called by:
		Interrupt level 2
 This function uses a non-reentrant model


 *************** function _Tomcat_TX_error *****************
 Defined at:
		line 95 in file "Tomcat_driver.c"
 Parameters:    Size  Location     Type
  code            1    1[COMRAM] unsigned char 
 Auto vars:     Size  Location     Type
		None
 Return value:  Size  Location     Type
		None               void
 Registers used:
		status,2, cstack
 Tracked objects:
		On entry : 
		On exit  : 
		Unchanged: 
 Data sizes:     COMRAM   BANK0   BANK1   BANK2   BANK3   BANK4   BANK5   BANK6   BANK7   BANK8   BANK9  BANK10  BANK11  BANK12  BANK13  BANK14  BANK15
      Params:         1       0       0       0       0       0       0       0       0       0       0       0       0       0       0       0       0
      Locals:         0       0       0       0       0       0       0       0       0       0       0       0       0       0       0       0       0
      Temps:          1       0       0       0       0       0       0       0       0       0       0       0       0       0       0       0       0
      Totals:         2       0       0       0       0       0       0       0       0       0       0       0       0       0       0       0       0
Total ram usage:        2 bytes
 Hardware stack levels used:    1
 Hardware stack levels required when called:    1
 This function calls:
		_Write1USART
 This function is called by:
		_isr
 This function uses a non-reentrant model


 *************** function _Tomcat_TX_warn *****************
 Defined at:
		line 89 in file "Tomcat_driver.c"
 Parameters:    Size  Location     Type
  code            1    1[COMRAM] unsigned char 
 Auto vars:     Size  Location     Type
		None
 Return value:  Size  Location     Type
		None               void
 Registers used:
		status,2, cstack
 Tracked objects:
		On entry : 
		On exit  : 
		Unchanged: 
 Data sizes:     COMRAM   BANK0   BANK1   BANK2   BANK3   BANK4   BANK5   BANK6   BANK7   BANK8   BANK9  BANK10  BANK11  BANK12  BANK13  BANK14  BANK15
      Params:         1       0       0       0       0       0       0       0       0       0       0       0       0       0       0       0       0
      Locals:         0       0       0       0       0       0       0       0       0       0       0       0       0       0       0       0       0
      Temps:          1       0       0       0       0       0       0       0       0       0       0       0       0       0       0       0       0
      Totals:         2       0       0       0       0       0       0       0       0       0       0       0       0       0       0       0       0
Total ram usage:        2 bytes
 Hardware stack levels used:    1
 Hardware stack levels required when called:    1
 This function calls:
		_Write1USART
 This function is called by:
		_isr
 This function uses a non-reentrant model


 *************** function _Write1USART *****************
 Defined at:
		line 15 in file "C:\Program Files (x86)\Microchip\xc8\v1.21\sources\pic18\plib\USART\u1write.c"
 Parameters:    Size  Location     Type
  data            1    0[COMRAM] unsigned char 
 Auto vars:     Size  Location     Type
		None
 Return value:  Size  Location     Type
		None               void
 Registers used:
		None
 Tracked objects:
		On entry : 
		On exit  : 
		Unchanged: 
 Data sizes:     COMRAM   BANK0   BANK1   BANK2   BANK3   BANK4   BANK5   BANK6   BANK7   BANK8   BANK9  BANK10  BANK11  BANK12  BANK13  BANK14  BANK15
      Params:         1       0       0       0       0       0       0       0       0       0       0       0       0       0       0       0       0
      Locals:         0       0       0       0       0       0       0       0       0       0       0       0       0       0       0       0       0
      Temps:          0       0       0       0       0       0       0       0       0       0       0       0       0       0       0       0       0
      Totals:         1       0       0       0       0       0       0       0       0       0       0       0       0       0       0       0       0
Total ram usage:        1 bytes
 Hardware stack levels used:    1
 This function calls:
		Nothing
 This function is called by:
		_Tomcat_TX_warn
		_Tomcat_TX_error
 This function uses a non-reentrant model



MODULE INFORMATION

Module		Function		Class		Link	Load	Size
C:\Program Files (x86)\Microchip\xc8\v1.21\sources\pic18\plib\USART\u1open.c
		_Open1USART    		CODE           	0568	0000	76

C:\Program Files (x86)\Microchip\xc8\v1.21\sources\pic18\plib\USART\u1open.c estimated size: 76

C:\Program Files (x86)\Microchip\xc8\v1.21\sources\pic18\plib\i2c\i2c1open.c
		_OpenI2C1      		CODE           	06BE	0000	24

C:\Program Files (x86)\Microchip\xc8\v1.21\sources\pic18\plib\i2c\i2c1open.c estimated size: 24

C:\Program Files (x86)\Microchip\xc8\v1.21\sources\pic18\plib\PWM\pw4open.c
		_OpenPWM4      		CODE           	0234	0000	116

C:\Program Files (x86)\Microchip\xc8\v1.21\sources\pic18\plib\PWM\pw4open.c estimated size: 116

shared
		__initializatio		CODE           	06A6	0000	14

shared estimated size: 14

I2C_mat.c
		_I2CReadByte   		CODE           	04BC	0000	90

I2C_mat.c estimated size: 90

Tom_V_Main.c
		_main          		CODE           	06D6	0000	22
		_isr           		CODE           	0008	0000	272

Tom_V_Main.c estimated size: 294

C:\Program Files (x86)\Microchip\xc8\v1.21\sources\pic18\plib\USART\u1write.c
		_Write1USART   		CODE           	070C	0000	16

C:\Program Files (x86)\Microchip\xc8\v1.21\sources\pic18\plib\USART\u1write.c estimated size: 16

Tomcat_driver.c
		_Tomcat_TX_erro		CODE           	0646	0000	34
		_Tomcat_Setup  		CODE           	011C	0000	156
		_Tomcat_TX_warn		CODE           	0668	0000	34

Tomcat_driver.c estimated size: 224

LSM9DS0.c
		_openLSM9      		CODE           	05B4	0000	70
		_gWriteByte    		CODE           	05FA	0000	38
		_openLSM9_mag  		CODE           	03F0	0000	102
		_openLSM9_gyro 		CODE           	0456	0000	102
		_openLSM9_accel		CODE           	0516	0000	82
		_xmReadByte    		CODE           	06FC	0000	16
		_xmWriteByte   		CODE           	0620	0000	38
		_gReadByte     		CODE           	06EC	0000	16

LSM9DS0.c estimated size: 464

C:\Program Files (x86)\Microchip\xc8\v1.21\sources\pic18\plib\i2c\i2c1writ.c
		_WriteI2C1     		CODE           	0384	0000	108

C:\Program Files (x86)\Microchip\xc8\v1.21\sources\pic18\plib\i2c\i2c1writ.c estimated size: 108

C:\Program Files (x86)\Microchip\xc8\v1.21\sources\pic18\plib\i2c\i2c1read.c
		_ReadI2C1      		CODE           	068A	0000	28

C:\Program Files (x86)\Microchip\xc8\v1.21\sources\pic18\plib\i2c\i2c1read.c estimated size: 28

C:\Program Files (x86)\Microchip\xc8\v1.21\sources\pic18\plib\PWM\ew1open.c
		_OpenEPWM1     		CODE           	0316	0000	110

C:\Program Files (x86)\Microchip\xc8\v1.21\sources\pic18\plib\PWM\ew1open.c estimated size: 110

C:\Program Files (x86)\Microchip\xc8\v1.21\sources\pic18\plib\PWM\ew2open.c
		_OpenEPWM2     		CODE           	02A8	0000	110

C:\Program Files (x86)\Microchip\xc8\v1.21\sources\pic18\plib\PWM\ew2open.c estimated size: 110

C:\Program Files (x86)\Microchip\xc8\v1.21\sources\pic18\plib\PWM\ew3open.c
		_OpenEPWM3     		CODE           	01B8	0000	124

C:\Program Files (x86)\Microchip\xc8\v1.21\sources\pic18\plib\PWM\ew3open.c estimated size: 124

